Component: ARM Compiler 5.06 update 7 (build 960) Tool: armlink [4d3601]

==============================================================================

Section Cross References

    startup_stm32f407xx.o(STACK) refers (Special) to heapauxi.o(.text) for __use_two_region_memory
    startup_stm32f407xx.o(HEAP) refers (Special) to heapauxi.o(.text) for __use_two_region_memory
    startup_stm32f407xx.o(RESET) refers (Special) to heapauxi.o(.text) for __use_two_region_memory
    startup_stm32f407xx.o(RESET) refers to startup_stm32f407xx.o(STACK) for __initial_sp
    startup_stm32f407xx.o(RESET) refers to startup_stm32f407xx.o(.text) for Reset_Handler
    startup_stm32f407xx.o(RESET) refers to stm32f4xx_it.o(i.NMI_Handler) for NMI_Handler
    startup_stm32f407xx.o(RESET) refers to stm32f4xx_it.o(i.HardFault_Handler) for HardFault_Handler
    startup_stm32f407xx.o(RESET) refers to stm32f4xx_it.o(i.MemManage_Handler) for MemManage_Handler
    startup_stm32f407xx.o(RESET) refers to stm32f4xx_it.o(i.BusFault_Handler) for BusFault_Handler
    startup_stm32f407xx.o(RESET) refers to stm32f4xx_it.o(i.UsageFault_Handler) for UsageFault_Handler
    startup_stm32f407xx.o(RESET) refers to port.o(.emb_text) for SVC_Handler
    startup_stm32f407xx.o(RESET) refers to stm32f4xx_it.o(i.DebugMon_Handler) for DebugMon_Handler
    startup_stm32f407xx.o(RESET) refers to port.o(i.SysTick_Handler) for SysTick_Handler
    startup_stm32f407xx.o(RESET) refers to stm32f4xx_it.o(i.TIM2_IRQHandler) for TIM2_IRQHandler
    startup_stm32f407xx.o(RESET) refers to stm32f4xx_it.o(i.USART3_IRQHandler) for USART3_IRQHandler
    startup_stm32f407xx.o(RESET) refers to stm32f4xx_it.o(i.TIM5_IRQHandler) for TIM5_IRQHandler
    startup_stm32f407xx.o(RESET) refers to stm32f4xx_it.o(i.TIM6_DAC_IRQHandler) for TIM6_DAC_IRQHandler
    startup_stm32f407xx.o(RESET) refers to stm32f4xx_eth_driver.o(i.ETH_IRQHandler) for ETH_IRQHandler
    startup_stm32f407xx.o(.text) refers (Special) to heapauxi.o(.text) for __use_two_region_memory
    startup_stm32f407xx.o(.text) refers to system_stm32f4xx.o(i.SystemInit) for SystemInit
    startup_stm32f407xx.o(.text) refers to __main.o(!!!main) for __main
    startup_stm32f407xx.o(.text) refers to startup_stm32f407xx.o(HEAP) for Heap_Mem
    startup_stm32f407xx.o(.text) refers to startup_stm32f407xx.o(STACK) for Stack_Mem
    generalfunction.o(i.CRC16Gen) refers to generalfunction.o(i.IntToBytes) for IntToBytes
    generalfunction.o(i.FloatToBits) refers to _printf_percent.o(.ARM.Collect$$_printf_percent$$00000000) for _printf_percent
    generalfunction.o(i.FloatToBits) refers to _printf_f.o(.ARM.Collect$$_printf_percent$$00000003) for _printf_f
    generalfunction.o(i.FloatToBits) refers to printf1.o(x$fpl$printf1) for _printf_fp_dec
    generalfunction.o(i.FloatToBits) refers to f2d.o(x$fpl$f2d) for __aeabi_f2d
    generalfunction.o(i.FloatToBits) refers to __2sprintf.o(.text) for __2sprintf
    generalfunction.o(i.FloatToBits) refers to generalfunction.o(i.SearchEndData) for SearchEndData
    generalfunction.o(i.FloatToBits) refers to generalfunction.o(i.StringByteTolong) for StringByteTolong
    generalfunction.o(i.HightpassFilter) refers to daddsub_clz.o(x$fpl$dsub) for __aeabi_dsub
    generalfunction.o(i.HightpassFilter) refers to dmul.o(x$fpl$dmul) for __aeabi_dmul
    generalfunction.o(i.HightpassFilter) refers to daddsub_clz.o(x$fpl$dadd) for __aeabi_dadd
    generalfunction.o(i.StringSearch) refers to generalfunction.o(.data) for .data
    weathersensor.o(i.CheckNodeCaonnected) refers to weathersensor.o(.data) for .data
    weathersensor.o(i.DecodeWeatherNodesensor) refers to _printf_percent.o(.ARM.Collect$$_printf_percent$$00000000) for _printf_percent
    weathersensor.o(i.DecodeWeatherNodesensor) refers to _printf_d.o(.ARM.Collect$$_printf_percent$$00000009) for _printf_d
    weathersensor.o(i.DecodeWeatherNodesensor) refers to _printf_s.o(.ARM.Collect$$_printf_percent$$00000014) for _printf_s
    weathersensor.o(i.DecodeWeatherNodesensor) refers to _printf_dec.o(.text) for _printf_int_dec
    weathersensor.o(i.DecodeWeatherNodesensor) refers to _printf_str.o(.text) for _printf_str
    weathersensor.o(i.DecodeWeatherNodesensor) refers to _printf_u.o(.ARM.Collect$$_printf_percent$$0000000A) for _printf_u
    weathersensor.o(i.DecodeWeatherNodesensor) refers to __2sprintf.o(.text) for __2sprintf
    weathersensor.o(i.DecodeWeatherNodesensor) refers to weathersensor.o(.data) for .data
    weathersensor.o(i.Initweather) refers to weathersensor.o(.data) for .data
    weathersensor.o(i.WeatherProcesstimer) refers to weathersensor.o(.data) for .data
    ssd1306.o(i.ssd1306_DegToRad) refers to f2d.o(x$fpl$f2d) for __aeabi_f2d
    ssd1306.o(i.ssd1306_DegToRad) refers to dmul.o(x$fpl$dmul) for __aeabi_dmul
    ssd1306.o(i.ssd1306_DegToRad) refers to ddiv.o(x$fpl$ddiv) for __aeabi_ddiv
    ssd1306.o(i.ssd1306_DegToRad) refers to d2f.o(x$fpl$d2f) for __aeabi_d2f
[...]
    __aeabi_stdin                            0x2001c718   Data           4  stdio_streams.o(.data)
    __aeabi_stderr                           0x2001c71c   Data           4  stdio_streams.o(.data)
    xBee_RX_buffer                           0x2001cb20   Data         512  xbee.o(.bss)
    dnsCache                                 0x2001cd70   Data         832  dns_cache.o(.bss)
    __stdout                                 0x2001d0c0   Data          84  stdio_streams.o(.bss)
    __libspace_start                         0x2001d114   Data          96  libspace.o(.bss)
    __temporary_stack_top$libspace           0x2001d174   Data           0  libspace.o(.bss)



==============================================================================

Memory Map of the image

  Image Entry point : 0x08040189

  Load Region LR_IROM1 (Base: 0x08040000, Size: 0x0000ff08, Max: 0x00040000, ABSOLUTE, COMPRESSED[0x0000f96c])

    Execution Region ER_IROM1 (Exec base: 0x08040000, Load base: 0x08040000, Size: 0x0000f788, Max: 0x00040000, ABSOLUTE)

    Exec Addr    Load Addr    Size         Type   Attr      Idx    E Section Name        Object

    0x08040000   0x08040000   0x00000188   Data   RO            3    RESET               startup_stm32f407xx.o
    0x08040188   0x08040188   0x00000008   Code   RO        16320  * !!!main             c_w.l(__main.o)
    0x08040190   0x08040190   0x00000034   Code   RO        16743    !!!scatter          c_w.l(__scatter.o)
    0x080401c4   0x080401c4   0x0000005a   Code   RO        16741    !!dczerorl2         c_w.l(__dczerorl2.o)
    0x0804021e   0x0804021e   0x00000002   PAD
    0x08040220   0x08040220   0x0000001a   Code   RO        16745    !!handler_copy      c_w.l(__scatter_copy.o)
    0x0804023a   0x0804023a   0x00000002   PAD
    0x0804023c   0x0804023c   0x0000001c   Code   RO        16747    !!handler_zi        c_w.l(__scatter_zi.o)
    0x08040258   0x08040258   0x00000000   Code   RO        16273    .ARM.Collect$$_printf_percent$$00000000  c_w.l(_printf_percent.o)
    0x08040258   0x08040258   0x00000006   Code   RO        16270    .ARM.Collect$$_printf_percent$$00000009  c_w.l(_printf_d.o)
    0x0804025e   0x0804025e   0x00000006   Code   RO        16271    .ARM.Collect$$_printf_percent$$0000000A  c_w.l(_printf_u.o)
    0x08040264   0x08040264   0x00000006   Code   RO        16268    .ARM.Collect$$_printf_percent$$00000014  c_w.l(_printf_s.o)
    0x0804026a   0x0804026a   0x00000004   Code   RO        16432    .ARM.Collect$$_printf_percent$$00000017  c_w.l(_printf_percent_end.o)
    0x0804026e   0x0804026e   0x00000002   Code   RO        16696    .ARM.Collect$$libinit$$00000000  c_w.l(libinit.o)
    0x08040270   0x08040270   0x00000004   Code   RO        16448    .ARM.Collect$$libinit$$00000001  c_w.l(libinit2.o)
    0x08040274   0x08040274   0x00000000   Code   RO        16451    .ARM.Collect$$libinit$$00000004  c_w.l(libinit2.o)
    0x08040274   0x08040274   0x00000008   Code   RO        16452    .ARM.Collect$$libinit$$00000005  c_w.l(libinit2.o)
    0x0804027c   0x0804027c   0x00000000   Code   RO        16454    .ARM.Collect$$libinit$$0000000A  c_w.l(libinit2.o)
    0x0804027c   0x0804027c   0x00000000   Code   RO        16456    .ARM.Collect$$libinit$$0000000C  c_w.l(libinit2.o)
    0x0804027c   0x0804027c   0x00000000   Code   RO        16458    .ARM.Collect$$libinit$$0000000E  c_w.l(libinit2.o)
    0x0804027c   0x0804027c   0x00000006   Code   RO        16459    .ARM.Collect$$libinit$$0000000F  c_w.l(libinit2.o)
    0x08040282   0x08040282   0x00000000   Code   RO        16461    .ARM.Collect$$libinit$$00000011  c_w.l(libinit2.o)
    0x08040282   0x08040282   0x0000000c   Code   RO        16462    .ARM.Collect$$libinit$$00000012  c_w.l(libinit2.o)
    0x0804028e   0x0804028e   0x00000000   Code   RO        16463    .ARM.Collect$$libinit$$00000013  c_w.l(libinit2.o)
    0x0804028e   0x0804028e   0x00000000   Code   RO        16465    .ARM.Collect$$libinit$$00000015  c_w.l(libinit2.o)
    0x0804028e   0x0804028e   0x00000000   Code   RO        16467    .ARM.Collect$$libinit$$00000017  c_w.l(libinit2.o)
    0x0804028e   0x0804028e   0x00000000   Code   RO        16469    .ARM.Collect$$libinit$$00000019  c_w.l(libinit2.o)
    0x0804028e   0x0804028e   0x00000000   Code   RO        16471    .ARM.Collect$$libinit$$0000001B  c_w.l(libinit2.o)
    0x0804028e   0x0804028e   0x00000000   Code   RO        16473    .ARM.Collect$$libinit$$0000001D  c_w.l(libinit2.o)
    0x0804028e   0x0804028e   0x00000000   Code   RO        16475    .ARM.Collect$$libinit$$0000001F  c_w.l(libinit2.o)
    0x0804028e   0x0804028e   0x00000000   Code   RO        16477    .ARM.Collect$$libinit$$00000021  c_w.l(libinit2.o)
    0x0804028e   0x0804028e   0x00000000   Code   RO        16479    .ARM.Collect$$libinit$$00000023  c_w.l(libinit2.o)
    0x0804028e   0x0804028e   0x00000004   Code   RO        16480    .ARM.Collect$$libinit$$00000024  c_w.l(libinit2.o)
    0x08040292   0x08040292   0x00000000   Code   RO        16481    .ARM.Collect$$libinit$$00000025  c_w.l(libinit2.o)
    0x08040292   0x08040292   0x00000000   Code   RO        16485    .ARM.Collect$$libinit$$0000002C  c_w.l(libinit2.o)
    0x08040292   0x08040292   0x00000000   Code   RO        16487    .ARM.Collect$$libinit$$0000002E  c_w.l(libinit2.o)
    0x08040292   0x08040292   0x00000000   Code   RO        16489    .ARM.Collect$$libinit$$00000030  c_w.l(libinit2.o)
    0x08040292   0x08040292   0x00000000   Code   RO        16491    .ARM.Collect$$libinit$$00000032  c_w.l(libinit2.o)
    0x08040292   0x08040292   0x00000002   Code   RO        16492    .ARM.Collect$$libinit$$00000033  c_w.l(libinit2.o)
    0x08040294   0x08040294   0x00000002   Code   RO        16738    .ARM.Collect$$libshutdown$$00000000  c_w.l(libshutdown.o)
    0x08040296   0x08040296   0x00000000   Code   RO        16631    .ARM.Collect$$libshutdown$$00000002  c_w.l(libshutdown2.o)
    0x08040296   0x08040296   0x00000000   Code   RO        16633    .ARM.Collect$$libshutdown$$00000004  c_w.l(libshutdown2.o)
    0x08040296   0x08040296   0x00000004   Code   RO        16634    .ARM.Collect$$libshutdown$$00000005  c_w.l(libshutdown2.o)
    0x0804029a   0x0804029a   0x00000000   Code   RO        16635    .ARM.Collect$$libshutdown$$00000006  c_w.l(libshutdown2.o)
    0x0804029a   0x0804029a   0x00000000   Code   RO        16638    .ARM.Collect$$libshutdown$$00000009  c_w.l(libshutdown2.o)
    0x0804029a   0x0804029a   0x00000000   Code   RO        16641    .ARM.Collect$$libshutdown$$0000000C  c_w.l(libshutdown2.o)
    0x0804029a   0x0804029a   0x00000000   Code   RO        16643    .ARM.Collect$$libshutdown$$0000000E  c_w.l(libshutdown2.o)
    0x0804029a   0x0804029a   0x00000000   Code   RO        16646    .ARM.Collect$$libshutdown$$00000011  c_w.l(libshutdown2.o)
    0x0804029a   0x0804029a   0x00000002   Code   RO        16647    .ARM.Collect$$libshutdown$$00000012  c_w.l(libshutdown2.o)
    0x0804029c   0x0804029c   0x00000000   Code   RO        16376    .ARM.Collect$$rtentry$$00000000  c_w.l(__rtentry.o)
    0x0804029c   0x0804029c   0x00000000   Code   RO        16538    .ARM.Collect$$rtentry$$00000002  c_w.l(__rtentry2.o)
    0x0804029c   0x0804029c   0x00000006   Code   RO        16550    .ARM.Collect$$rtentry$$00000004  c_w.l(__rtentry4.o)
    0x080402a2   0x080402a2   0x00000000   Code   RO        16540    .ARM.Collect$$rtentry$$00000009  c_w.l(__rtentry2.o)
    0x080402a2   0x080402a2   0x00000004   Code   RO        16541    .ARM.Collect$$rtentry$$0000000A  c_w.l(__rtentry2.o)
    0x080402a6   0x080402a6   0x00000000   Code   RO        16543    .ARM.Collect$$rtentry$$0000000C  c_w.l(__rtentry2.o)
    0x080402a6   0x080402a6   0x00000008   Code   RO        16544    .ARM.Collect$$rtentry$$0000000D  c_w.l(__rtentry2.o)
    0x080402ae   0x080402ae   0x00000002   Code   RO        16699    .ARM.Collect$$rtexit$$00000000  c_w.l(rtexit.o)
    0x080402b0   0x080402b0   0x00000000   Code   RO        16716    .ARM.Collect$$rtexit$$00000002  c_w.l(rtexit2.o)
    0x080402b0   0x080402b0   0x00000004   Code   RO        16717    .ARM.Collect$$rtexit$$00000003  c_w.l(rtexit2.o)
    0x080402b4   0x080402b4   0x00000006   Code   RO        16718    .ARM.Collect$$rtexit$$00000004  c_w.l(rtexit2.o)
    0x080402ba   0x080402ba   0x00000002   PAD
    0x080402bc   0x080402bc   0x000000be   Code   RO         5972    .emb_text           port.o
    0x0804037a   0x0804037a   0x00000002   PAD
    0x0804037c   0x0804037c   0x00000000   Code   RO        16556    .emb_text           c_w.l(maybetermalloc1.o)
    0x0804037c   0x0804037c   0x00000040   Code   RO            4    .text               startup_stm32f407xx.o
    0x080403bc   0x080403bc   0x00000010   Code   RO        16136    .text               c_w.l(rt_ctype_table.o)
    0x080403cc   0x080403cc   0x0000005e   Code   RO        16142    .text               c_w.l(h1_alloc.o)
    0x0804042a   0x0804042a   0x0000004e   Code   RO        16144    .text               c_w.l(h1_free.o)
    0x08040478   0x08040478   0x000000ee   Code   RO        16200    .text               c_w.l(lludivv7m.o)
    0x08040566   0x08040566   0x0000001a   Code   RO        16202    .text               c_w.l(tolower.o)
    0x08040580   0x08040580   0x0000001e   Code   RO        16204    .text               c_w.l(toupper.o)
    0x0804059e   0x0804059e   0x00000014   Code   RO        16206    .text               c_w.l(__2fprintf.o)
    0x080405b2   0x080405b2   0x00000002   PAD
    0x080405b4   0x080405b4   0x0000002c   Code   RO        16208    .text               c_w.l(__2sprintf.o)
    0x080405e0   0x080405e0   0x0000004e   Code   RO        16220    .text               c_w.l(_printf_pad.o)
    0x0804062e   0x0804062e   0x00000052   Code   RO        16222    .text               c_w.l(_printf_str.o)
    0x08040680   0x08040680   0x00000078   Code   RO        16224    .text               c_w.l(_printf_dec.o)
    0x080406f8   0x080406f8   0x00000138   Code   RO        16259    .text               c_w.l(__printf_flags_wp.o)
    0x08040830   0x08040830   0x00000014   Code   RO        16286    .text               c_w.l(strchr.o)
    0x08040844   0x08040844   0x00000058   Code   RO        16288    .text               c_w.l(memcmp.o)
    0x0804089c   0x0804089c   0x00000048   Code   RO        16290    .text               c_w.l(strcpy.o)
    0x080408e4   0x080408e4   0x00000032   Code   RO        16292    .text               c_w.l(strncasecmp.o)
    0x08040916   0x08040916   0x0000003e   Code   RO        16296    .text               c_w.l(strlen.o)
    0x08040954   0x08040954   0x0000008a   Code   RO        16300    .text               c_w.l(rt_memcpy_v6.o)
    0x080409de   0x080409de   0x00000084   Code   RO        16302    .text               c_w.l(rt_memmove_v6.o)
    0x08040a62   0x08040a62   0x00000064   Code   RO        16304    .text               c_w.l(rt_memcpy_w.o)
    0x08040ac6   0x08040ac6   0x0000007a   Code   RO        16306    .text               c_w.l(rt_memmove_w.o)
    0x08040b40   0x08040b40   0x00000010   Code   RO        16310    .text               c_w.l(aeabi_memset.o)
    0x08040b50   0x08040b50   0x00000044   Code   RO        16312    .text               c_w.l(rt_memclr.o)
    0x08040b94   0x08040b94   0x0000004e   Code   RO        16314    .text               c_w.l(rt_memclr_w.o)
    0x08040be2   0x08040be2   0x00000002   PAD
    0x08040be4   0x08040be4   0x00000080   Code   RO        16316    .text               c_w.l(strcmpv7m.o)
    0x08040c64   0x08040c64   0x00000006   Code   RO        16318    .text               c_w.l(heapauxi.o)
    0x08040c6a   0x08040c6a   0x00000002   PAD
    0x08040c6c   0x08040c6c   0x00000008   Code   RO        16384    .text               c_w.l(rt_heap_descriptor_intlibspace.o)
    0x08040c74   0x08040c74   0x00000008   Code   RO        16389    .text               c_w.l(rt_locale_intlibspace.o)
    0x08040c7c   0x08040c7c   0x00000008   Code   RO        16394    .text               c_w.l(rt_errno_addr_intlibspace.o)
    0x08040c84   0x08040c84   0x00000004   Code   RO        16396    .text               c_w.l(hguard.o)
    0x08040c88   0x08040c88   0x0000008a   Code   RO        16398    .text               c_w.l(init_alloc.o)
    0x08040d12   0x08040d12   0x0000000e   Code   RO        16402    .text               c_w.l(h1_init.o)
    0x08040d20   0x08040d20   0x000000b2   Code   RO        16418    .text               c_w.l(_printf_intcommon.o)
    0x08040dd2   0x08040dd2   0x00000002   PAD
    0x08040dd4   0x08040dd4   0x00000030   Code   RO        16422    .text               c_w.l(_printf_char_common.o)
    0x08040e04   0x08040e04   0x0000000a   Code   RO        16424    .text               c_w.l(_sputc.o)
    0x08040e0e   0x08040e0e   0x0000002c   Code   RO        16428    .text               c_w.l(_printf_char.o)
    0x08040e3a   0x08040e3a   0x00000002   PAD
    0x08040e3c   0x08040e3c   0x00000024   Code   RO        16430    .text               c_w.l(_printf_char_file.o)
    0x08040e60   0x08040e60   0x00000138   Code   RO        16437    .text               c_w.l(initio.o)
    0x08040f98   0x08040f98   0x00000008   Code   RO        16534    .text               c_w.l(libspace.o)
    0x08040fa0   0x08040fa0   0x00000034   Code   RO        16558    .text               c_w.l(h1_extend.o)
    0x08040fd4   0x08040fd4   0x00000008   Code   RO        16595    .text               c_w.l(ferror.o)
    0x08040fdc   0x08040fdc   0x00000046   Code   RO        16597    .text               c_w.l(setvbuf.o)
    0x08041022   0x08041022   0x00000002   PAD
    0x08041024   0x08041024   0x000000ec   Code   RO        16600    .text               c_w.l(fopen.o)
    0x08041110   0x08041110   0x0000004c   Code   RO        16602    .text               c_w.l(fclose.o)
    0x0804115c   0x0804115c   0x0000000e   Code   RO        16613    .text               c_w.l(defsig_rtred_outer.o)
    0x0804116a   0x0804116a   0x0000000e   Code   RO        16617    .text               c_w.l(defsig_rtmem_outer.o)
    0x08041178   0x08041178   0x00000002   Code   RO        16662    .text               c_w.l(use_no_semi.o)
    0x0804117a   0x0804117a   0x00000000   Code   RO        16664    .text               c_w.l(indicate_semi.o)
    0x0804117a   0x0804117a   0x0000004a   Code   RO        16665    .text               c_w.l(sys_stackheap_outer.o)
    0x080411c4   0x080411c4   0x000000f8   Code   RO        16671    .text               c_w.l(fseek.o)
    0x080412bc   0x080412bc   0x000000f0   Code   RO        16673    .text               c_w.l(stdio.o)
    0x080413ac   0x080413ac   0x00000012   Code   RO        16675    .text               c_w.l(exit.o)
    0x080413be   0x080413be   0x0000000a   Code   RO        16677    .text               c_w.l(defsig_exit.o)
    0x080413c8   0x080413c8   0x00000034   Code   RO        16683    .text               c_w.l(defsig_rtred_inner.o)
    0x080413fc   0x080413fc   0x00000050   Code   RO        16685    .text               c_w.l(defsig_rtmem_inner.o)
    0x0804144c   0x0804144c   0x0000000c   Code   RO        16697    .text               c_w.l(sys_exit.o)
    0x08041458   0x08041458   0x00000042   Code   RO        16705    .text               c_w.l(ftell.o)
    0x0804149a   0x0804149a   0x00000032   Code   RO        16709    .text               c_w.l(defsig_general.o)
    0x080414cc   0x080414cc   0x0000000e   Code   RO        16713    .text               c_w.l(sys_wrch.o)
    0x080414da   0x080414da   0x00000002   Code   RO         1341    i.BusFault_Handler  stm32f4xx_it.o
    0x080414dc   0x080414dc   0x00000038   Code   RO          205    i.CheckNodeCaonnected  weathersensor.o
    0x08041514   0x08041514   0x0000005a   Code   RO         1535    i.ConvertStringtoHEX  stm32custombootloader.o
    0x0804156e   0x0804156e   0x00000002   Code   RO         1342    i.DebugMon_Handler  stm32f4xx_it.o
    0x08041570   0x08041570   0x000002a4   Code   RO          206    i.DecodeWeatherNodesensor  weathersensor.o
    0x08041814   0x08041814   0x0000006c   Code   RO         9892    i.ETH_IRQHandler    stm32f4xx_eth_driver.o
    0x08041880   0x08041880   0x00000020   Code   RO         1785    i.FLASH_Program_Byte  stm32f4xx_hal_flash.o
    0x080418a0   0x080418a0   0x0000002c   Code   RO         1786    i.FLASH_Program_DoubleWord  stm32f4xx_hal_flash.o
    0x080418cc   0x080418cc   0x00000024   Code   RO         1787    i.FLASH_Program_HalfWord  stm32f4xx_hal_flash.o
    0x080418f0   0x080418f0   0x00000024   Code   RO         1788    i.FLASH_Program_Word  stm32f4xx_hal_flash.o
    0x08041914   0x08041914   0x00000068   Code   RO         1789    i.FLASH_SetErrorCode  stm32f4xx_hal_flash.o
    0x0804197c   0x0804197c   0x00000050   Code   RO         1790    i.FLASH_WaitForLastOperation  stm32f4xx_hal_flash.o
    0x080419cc   0x080419cc   0x00000028   Code   RO         1537    i.GOTO_APP          stm32custombootloader.o
    0x080419f4   0x080419f4   0x00000092   Code   RO         2091    i.HAL_DMA_Abort     stm32f4xx_hal_dma.o
    0x08041a86   0x08041a86   0x00000024   Code   RO         2092    i.HAL_DMA_Abort_IT  stm32f4xx_hal_dma.o
    0x08041aaa   0x08041aaa   0x00000002   PAD
    0x08041aac   0x08041aac   0x00000034   Code   RO         2509    i.HAL_DeInit        stm32f4xx_hal.o
    0x08041ae0   0x08041ae0   0x00000024   Code   RO         2510    i.HAL_Delay         stm32f4xx_hal.o
    0x08041b04   0x08041b04   0x00000014   Code   RO         1794    i.HAL_FLASH_Lock    stm32f4xx_hal_flash.o
    0x08041b18   0x08041b18   0x0000007c   Code   RO         1799    i.HAL_FLASH_Program  stm32f4xx_hal_flash.o
    0x08041b94   0x08041b94   0x0000002c   Code   RO         1801    i.HAL_FLASH_Unlock  stm32f4xx_hal_flash.o
    0x08041bc0   0x08041bc0   0x000001f0   Code   RO         1984    i.HAL_GPIO_Init     stm32f4xx_hal_gpio.o
    0x08041db0   0x08041db0   0x00000010   Code   RO         1987    i.HAL_GPIO_TogglePin  stm32f4xx_hal_gpio.o
    0x08041dc0   0x08041dc0   0x0000000a   Code   RO         1988    i.HAL_GPIO_WritePin  stm32f4xx_hal_gpio.o
    0x08041dca   0x08041dca   0x00000002   PAD
    0x08041dcc   0x08041dcc   0x0000000c   Code   RO         2516    i.HAL_GetTick       stm32f4xx_hal.o
    0x08041dd8   0x08041dd8   0x00000188   Code   RO         2772    i.HAL_I2C_Init      stm32f4xx_hal_i2c.o
    0x08041f60   0x08041f60   0x00000130   Code   RO         2793    i.HAL_I2C_Mem_Write  stm32f4xx_hal_i2c.o
    0x08042090   0x08042090   0x00000068   Code   RO         1424    i.HAL_I2C_MspInit   stm32f4xx_hal_msp.o
    0x080420f8   0x080420f8   0x0000000c   Code   RO         3212    i.HAL_IWDG_Refresh  stm32f4xx_hal_iwdg.o
    0x08042104   0x08042104   0x00000010   Code   RO         2522    i.HAL_IncTick       stm32f4xx_hal.o
    0x08042114   0x08042114   0x00000034   Code   RO         2523    i.HAL_Init          stm32f4xx_hal.o
    0x08042148   0x08042148   0x00000074   Code   RO         1495    i.HAL_InitTick      stm32f4xx_hal_timebase_tim.o
    0x080421bc   0x080421bc   0x00000002   Code   RO         2525    i.HAL_MspDeInit     stm32f4xx_hal.o
    0x080421be   0x080421be   0x00000002   PAD
    0x080421c0   0x080421c0   0x00000038   Code   RO         1425    i.HAL_MspInit       stm32f4xx_hal_msp.o
    0x080421f8   0x080421f8   0x0000001a   Code   RO         2373    i.HAL_NVIC_EnableIRQ  stm32f4xx_hal_cortex.o
    0x08042212   0x08042212   0x00000002   PAD
    0x08042214   0x08042214   0x00000040   Code   RO         2379    i.HAL_NVIC_SetPriority  stm32f4xx_hal_cortex.o
    0x08042254   0x08042254   0x00000024   Code   RO         2380    i.HAL_NVIC_SetPriorityGrouping  stm32f4xx_hal_cortex.o
    0x08042278   0x08042278   0x00000134   Code   RO         1630    i.HAL_RCC_ClockConfig  stm32f4xx_hal_rcc.o
    0x080423ac   0x080423ac   0x00000134   Code   RO         1736    i.HAL_RCC_DeInit    stm32f4xx_hal_rcc_ex.o
    0x080424e0   0x080424e0   0x00000040   Code   RO         1634    i.HAL_RCC_GetClockConfig  stm32f4xx_hal_rcc.o
    0x08042520   0x08042520   0x00000020   Code   RO         1637    i.HAL_RCC_GetPCLK1Freq  stm32f4xx_hal_rcc.o
    0x08042540   0x08042540   0x00000020   Code   RO         1638    i.HAL_RCC_GetPCLK2Freq  stm32f4xx_hal_rcc.o
    0x08042560   0x08042560   0x00000064   Code   RO         1639    i.HAL_RCC_GetSysClockFreq  stm32f4xx_hal_rcc.o
    0x080425c4   0x080425c4   0x0000036c   Code   RO         1642    i.HAL_RCC_OscConfig  stm32f4xx_hal_rcc.o
    0x08042930   0x08042930   0x0000002e   Code   RO         3241    i.HAL_RNG_DeInit    stm32f4xx_hal_rng.o
    0x0804295e   0x0804295e   0x00000002   PAD
    0x08042960   0x08042960   0x0000007e   Code   RO         3243    i.HAL_RNG_GenerateRandomNumber  stm32f4xx_hal_rng.o
    0x080429de   0x080429de   0x00000032   Code   RO         3250    i.HAL_RNG_Init      stm32f4xx_hal_rng.o
    0x08042a10   0x08042a10   0x0000001c   Code   RO         1426    i.HAL_RNG_MspDeInit  stm32f4xx_hal_msp.o
    0x08042a2c   0x08042a2c   0x00000028   Code   RO         1427    i.HAL_RNG_MspInit   stm32f4xx_hal_msp.o
    0x08042a54   0x08042a54   0x00000002   Code   RO         4049    i.HAL_TIMEx_BreakCallback  stm32f4xx_hal_tim_ex.o
    0x08042a56   0x08042a56   0x00000002   Code   RO         4050    i.HAL_TIMEx_CommutCallback  stm32f4xx_hal_tim_ex.o
    0x08042a58   0x08042a58   0x00000090   Code   RO         4068    i.HAL_TIMEx_MasterConfigSynchronization  stm32f4xx_hal_tim_ex.o
    0x08042ae8   0x08042ae8   0x0000005a   Code   RO         3345    i.HAL_TIM_Base_Init  stm32f4xx_hal_tim.o
    0x08042b42   0x08042b42   0x00000002   PAD
    0x08042b44   0x08042b44   0x00000060   Code   RO         1429    i.HAL_TIM_Base_MspInit  stm32f4xx_hal_msp.o
    0x08042ba4   0x08042ba4   0x00000080   Code   RO         3350    i.HAL_TIM_Base_Start_IT  stm32f4xx_hal_tim.o
    0x08042c24   0x08042c24   0x000000dc   Code   RO         3354    i.HAL_TIM_ConfigClockSource  stm32f4xx_hal_tim.o
    0x08042d00   0x08042d00   0x00000002   Code   RO         3379    i.HAL_TIM_IC_CaptureCallback  stm32f4xx_hal_tim.o
    0x08042d02   0x08042d02   0x00000166   Code   RO         3393    i.HAL_TIM_IRQHandler  stm32f4xx_hal_tim.o
    0x08042e68   0x08042e68   0x00000002   Code   RO         3396    i.HAL_TIM_OC_DelayElapsedCallback  stm32f4xx_hal_tim.o
    0x08042e6a   0x08042e6a   0x00000002   Code   RO         3423    i.HAL_TIM_PWM_PulseFinishedCallback  stm32f4xx_hal_tim.o
    0x08042e6c   0x08042e6c   0x00000014   Code   RO          871    i.HAL_TIM_PeriodElapsedCallback  main.o
    0x08042e80   0x08042e80   0x00000002   Code   RO         3436    i.HAL_TIM_TriggerCallback  stm32f4xx_hal_tim.o
    0x08042e82   0x08042e82   0x00000002   Code   RO         4327    i.HAL_UARTEx_RxEventCallback  stm32f4xx_hal_uart.o
    0x08042e84   0x08042e84   0x00000002   Code   RO         4341    i.HAL_UART_ErrorCallback  stm32f4xx_hal_uart.o
    0x08042e86   0x08042e86   0x00000002   PAD
    0x08042e88   0x08042e88   0x00000268   Code   RO         4344    i.HAL_UART_IRQHandler  stm32f4xx_hal_uart.o
    0x080430f0   0x080430f0   0x00000062   Code   RO         4345    i.HAL_UART_Init     stm32f4xx_hal_uart.o
    0x08043152   0x08043152   0x00000002   PAD
    0x08043154   0x08043154   0x0000007c   Code   RO         1431    i.HAL_UART_MspInit  stm32f4xx_hal_msp.o
    0x080431d0   0x080431d0   0x00000002   Code   RO         4351    i.HAL_UART_RxCpltCallback  stm32f4xx_hal_uart.o
    0x080431d2   0x080431d2   0x00000002   PAD
    0x080431d4   0x080431d4   0x000000b2   Code   RO         4353    i.HAL_UART_Transmit  stm32f4xx_hal_uart.o
    0x08043286   0x08043286   0x00000002   Code   RO         4356    i.HAL_UART_TxCpltCallback  stm32f4xx_hal_uart.o
    0x08043288   0x08043288   0x00000002   Code   RO         1343    i.HardFault_Handler  stm32f4xx_it.o
    0x0804328a   0x0804328a   0x00000002   PAD
    0x0804328c   0x0804328c   0x00000168   Code   RO         1539    i.HexIntelDecodeFlashProgramming  stm32custombootloader.o
    0x080433f4   0x080433f4   0x0000002e   Code   RO         2814    i.I2C_IsAcknowledgeFailed  stm32f4xx_hal_i2c.o
    0x08043422   0x08043422   0x00000002   PAD
    0x08043424   0x08043424   0x000000a8   Code   RO         2825    i.I2C_RequestMemoryWrite  stm32f4xx_hal_i2c.o
    0x080434cc   0x080434cc   0x0000004c   Code   RO         2829    i.I2C_WaitOnBTFFlagUntilTimeout  stm32f4xx_hal_i2c.o
    0x08043518   0x08043518   0x00000068   Code   RO         2830    i.I2C_WaitOnFlagUntilTimeout  stm32f4xx_hal_i2c.o
    0x08043580   0x08043580   0x00000096   Code   RO         2831    i.I2C_WaitOnMasterAddressFlagUntilTimeout  stm32f4xx_hal_i2c.o
    0x08043616   0x08043616   0x0000004c   Code   RO         2833    i.I2C_WaitOnTXEFlagUntilTimeout  stm32f4xx_hal_i2c.o
    0x08043662   0x08043662   0x00000002   PAD
    0x08043664   0x08043664   0x00000048   Code   RO          207    i.Initweather       weathersensor.o
    0x080436ac   0x080436ac   0x000000e8   Code   RO          872    i.MX_GPIO_Init      main.o
    0x08043794   0x08043794   0x00000068   Code   RO          873    i.MX_TIM2_Init      main.o
    0x080437fc   0x080437fc   0x00000068   Code   RO          874    i.MX_TIM5_Init      main.o
    0x08043864   0x08043864   0x000001bc   Code   RO          569    i.MasternodeInfo    ssd1306_tests.o
    0x08043a20   0x08043a20   0x00000002   Code   RO         1344    i.MemManage_Handler  stm32f4xx_it.o
    0x08043a22   0x08043a22   0x00000002   Code   RO         1345    i.NMI_Handler       stm32f4xx_it.o
    0x08043a24   0x08043a24   0x0000000c   Code   RO          875    i.StartDefaultTask  main.o
    0x08043a30   0x08043a30   0x0000001c   Code   RO          876    i.StartTask02       main.o
    0x08043a4c   0x08043a4c   0x00000034   Code   RO          877    i.StartTask03       main.o
    0x08043a80   0x08043a80   0x0000002c   Code   RO         5973    i.SysTick_Handler   port.o
    0x08043aac   0x08043aac   0x00000094   Code   RO          878    i.SystemClock_Config  main.o
    0x08043b40   0x08043b40   0x00000010   Code   RO         4674    i.SystemInit        system_stm32f4xx.o
    0x08043b50   0x08043b50   0x000001f8   Code   RO          879    i.TCPServer         main.o
    0x08043d48   0x08043d48   0x0000000c   Code   RO         1346    i.TIM2_IRQHandler   stm32f4xx_it.o
    0x08043d54   0x08043d54   0x00000018   Code   RO         1347    i.TIM5_IRQHandler   stm32f4xx_it.o
    0x08043d6c   0x08043d6c   0x0000000c   Code   RO         1348    i.TIM6_DAC_IRQHandler  stm32f4xx_it.o
    0x08043d78   0x08043d78   0x000000c8   Code   RO         3438    i.TIM_Base_SetConfig  stm32f4xx_hal_tim.o
    0x08043e40   0x08043e40   0x00000014   Code   RO         3449    i.TIM_ETR_SetConfig  stm32f4xx_hal_tim.o
    0x08043e54   0x08043e54   0x00000010   Code   RO         3450    i.TIM_ITRx_SetConfig  stm32f4xx_hal_tim.o
    0x08043e64   0x08043e64   0x00000022   Code   RO         3456    i.TIM_TI1_ConfigInputStage  stm32f4xx_hal_tim.o
    0x08043e86   0x08043e86   0x00000024   Code   RO         3458    i.TIM_TI2_ConfigInputStage  stm32f4xx_hal_tim.o
    0x08043eaa   0x08043eaa   0x00000010   Code   RO         4358    i.UART_DMAAbortOnError  stm32f4xx_hal_uart.o
    0x08043eba   0x08043eba   0x0000004e   Code   RO         4368    i.UART_EndRxTransfer  stm32f4xx_hal_uart.o
    0x08043f08   0x08043f08   0x000000c0   Code   RO         4370    i.UART_Receive_IT   stm32f4xx_hal_uart.o
    0x08043fc8   0x08043fc8   0x0000010c   Code   RO         4371    i.UART_SetConfig    stm32f4xx_hal_uart.o
    0x080440d4   0x080440d4   0x00000078   Code   RO         4374    i.UART_WaitOnFlagUntilTimeout  stm32f4xx_hal_uart.o
    0x0804414c   0x0804414c   0x00000014   Code   RO         1349    i.USART3_IRQHandler  stm32f4xx_it.o
    0x08044160   0x08044160   0x00000002   Code   RO         1350    i.UsageFault_Handler  stm32f4xx_it.o
    0x08044162   0x08044162   0x00000002   PAD
    0x08044164   0x08044164   0x00000070   Code   RO          208    i.WeatherProcesstimer  weathersensor.o
    0x080441d4   0x080441d4   0x00000020   Code   RO         2386    i.__NVIC_SetPriority  stm32f4xx_hal_cortex.o
    0x080441f4   0x080441f4   0x0000000e   Code   RO        16257    i._is_digit         c_w.l(__printf_wp.o)
    0x08044202   0x08044202   0x00000018   Code   RO        16069    i._sys_close        retarget_io.o
    0x0804421a   0x0804421a   0x0000000c   Code   RO        16070    i._sys_flen         retarget_io.o
    0x08044226   0x08044226   0x00000018   Code   RO        16071    i._sys_istty        retarget_io.o
    0x0804423e   0x0804423e   0x00000002   PAD
    0x08044240   0x08044240   0x0000005c   Code   RO        16072    i._sys_open         retarget_io.o
    0x0804429c   0x0804429c   0x00000006   Code   RO        16074    i._sys_seek         retarget_io.o
    0x080442a2   0x080442a2   0x0000002a   Code   RO        16075    i._sys_write        retarget_io.o
    0x080442cc   0x080442cc   0x00000224   Code   RO        11244    i.aesEncryptBlock   aes.o
    0x080444f0   0x080444f0   0x00000190   Code   RO        11245    i.aesInit           aes.o
    0x08044680   0x08044680   0x00000056   Code   RO         9136    i.arpCreateEntry    arp.o
    0x080446d6   0x080446d6   0x0000008e   Code   RO         9138    i.arpEnqueuePacket  arp.o
    0x08044764   0x08044764   0x0000002a   Code   RO         9139    i.arpFindEntry      arp.o
    0x0804478e   0x0804478e   0x00000002   PAD
    0x08044790   0x08044790   0x0000002c   Code   RO         9140    i.arpFlushCache     arp.o
    0x080447bc   0x080447bc   0x00000028   Code   RO         9141    i.arpFlushQueuedPackets  arp.o
    0x080447e4   0x080447e4   0x00000012   Code   RO         9142    i.arpInit           arp.o
    0x080447f6   0x080447f6   0x0000008a   Code   RO         9143    i.arpProcessPacket  arp.o
    0x08044880   0x08044880   0x000000c4   Code   RO         9144    i.arpProcessReply   arp.o
    0x08044944   0x08044944   0x0000006e   Code   RO         9145    i.arpProcessRequest  arp.o
    0x080449b2   0x080449b2   0x00000002   PAD
    0x080449b4   0x080449b4   0x0000007c   Code   RO         9146    i.arpResolve        arp.o
    0x08044a30   0x08044a30   0x000000a4   Code   RO         9147    i.arpSendProbe      arp.o
    0x08044ad4   0x08044ad4   0x0000005c   Code   RO         9148    i.arpSendQueuedPackets  arp.o
    0x08044b30   0x08044b30   0x000000a0   Code   RO         9149    i.arpSendReply      arp.o
    0x08044bd0   0x08044bd0   0x000000b0   Code   RO         9150    i.arpSendRequest    arp.o
    0x08044c80   0x08044c80   0x000000d4   Code   RO         9151    i.arpTick           arp.o
    0x08044d54   0x08044d54   0x00000002   Code   RO         1303    i.configureTimerForRunTimeStats  freertos.o
    0x08044d56   0x08044d56   0x00000060   Code   RO        10210    i.dhcpAddOption     dhcp_common.o
    0x08044db6   0x08044db6   0x00000002   PAD
    0x08044db8   0x08044db8   0x00000090   Code   RO        10108    i.dhcpClientChangeState  dhcp_client_misc.o
    0x08044e48   0x08044e48   0x00000040   Code   RO        10109    i.dhcpClientCheckTimeout  dhcp_client_misc.o
    0x08044e88   0x08044e88   0x00000028   Code   RO        10110    i.dhcpClientComputeElapsedTime  dhcp_client_misc.o
    0x08044eb0   0x08044eb0   0x0000020c   Code   RO        10111    i.dhcpClientDumpConfig  dhcp_client_misc.o
    0x080450bc   0x080450bc   0x0000004c   Code   RO        10112    i.dhcpClientLinkChangeEvent  dhcp_client_misc.o
    0x08045108   0x08045108   0x00000034   Code   RO        10117    i.dhcpClientResetConfig  dhcp_client_misc.o
    0x0804513c   0x0804513c   0x00000124   Code   RO        10118    i.dhcpClientSendDecline  dhcp_client_misc.o
    0x08045260   0x08045260   0x0000010c   Code   RO        10119    i.dhcpClientSendDiscover  dhcp_client_misc.o
    0x0804536c   0x0804536c   0x000001ac   Code   RO        10120    i.dhcpClientSendRequest  dhcp_client_misc.o
    0x08045518   0x08045518   0x00000040   Code   RO        10045    i.dhcpClientStateBound  dhcp_client_fsm.o
    0x08045558   0x08045558   0x00000038   Code   RO        10046    i.dhcpClientStateInit  dhcp_client_fsm.o
    0x08045590   0x08045590   0x00000038   Code   RO        10047    i.dhcpClientStateInitReboot  dhcp_client_fsm.o
    0x080455c8   0x080455c8   0x0000006e   Code   RO        10048    i.dhcpClientStateProbing  dhcp_client_fsm.o
    0x08045636   0x08045636   0x00000002   PAD
    0x08045638   0x08045638   0x00000078   Code   RO        10049    i.dhcpClientStateRebinding  dhcp_client_fsm.o
    0x080456b0   0x080456b0   0x00000078   Code   RO        10050    i.dhcpClientStateRebooting  dhcp_client_fsm.o
    0x08045728   0x08045728   0x00000074   Code   RO        10051    i.dhcpClientStateRenewing  dhcp_client_fsm.o
    0x0804579c   0x0804579c   0x00000078   Code   RO        10052    i.dhcpClientStateRequesting  dhcp_client_fsm.o
    0x08045814   0x08045814   0x00000064   Code   RO        10053    i.dhcpClientStateSelecting  dhcp_client_fsm.o
    0x08045878   0x08045878   0x00000046   Code   RO        10121    i.dhcpClientTick    dhcp_client_misc.o
    0x080458be   0x080458be   0x0000003a   Code   RO        10211    i.dhcpGetOption     dhcp_common.o
    0x080458f8   0x080458f8   0x0000008a   Code   RO        10323    i.dnsCompareName    dns_common.o
    0x08045982   0x08045982   0x00000024   Code   RO        10247    i.dnsDeleteEntry    dns_cache.o
    0x080459a6   0x080459a6   0x00000058   Code   RO        10324    i.dnsEncodeName     dns_common.o
    0x080459fe   0x080459fe   0x00000002   PAD
    0x08045a00   0x08045a00   0x00000030   Code   RO        10249    i.dnsFlushCache     dns_cache.o
    0x08045a30   0x08045a30   0x00000014   Code   RO        10250    i.dnsInit           dns_cache.o
    0x08045a44   0x08045a44   0x0000009a   Code   RO        10325    i.dnsParseName      dns_common.o
    0x08045ade   0x08045ade   0x00000002   PAD
    0x08045ae0   0x08045ae0   0x00000110   Code   RO        10297    i.dnsSendQuery      dns_client.o
    0x08045bf0   0x08045bf0   0x000000ac   Code   RO        10251    i.dnsTick           dns_cache.o
    0x08045c9c   0x08045c9c   0x00000064   Code   RO         6795    i.ethAcceptMacAddr  ethernet.o
    0x08045d00   0x08045d00   0x00000014   Code   RO         6796    i.ethAllocBuffer    ethernet.o
    0x08045d14   0x08045d14   0x00000034   Code   RO         7037    i.ethCalcCrc        ethernet_misc.o
    0x08045d48   0x08045d48   0x00000064   Code   RO         7038    i.ethCalcCrcEx      ethernet_misc.o
    0x08045dac   0x08045dac   0x00000050   Code   RO         7039    i.ethCheckCrc       ethernet_misc.o
    0x08045dfc   0x08045dfc   0x00000060   Code   RO         7040    i.ethCheckDestAddr  ethernet_misc.o
    0x08045e5c   0x08045e5c   0x00000060   Code   RO         6799    i.ethDropMacAddr    ethernet.o
    0x08045ebc   0x08045ebc   0x0000000e   Code   RO         6801    i.ethInit           ethernet.o
    0x08045eca   0x08045eca   0x00000002   PAD
    0x08045ecc   0x08045ecc   0x0000002c   Code   RO         7043    i.ethPadFrame       ethernet_misc.o
    0x08045ef8   0x08045ef8   0x000000c4   Code   RO         6802    i.ethProcessFrame   ethernet.o
    0x08045fbc   0x08045fbc   0x000000c8   Code   RO         6803    i.ethSendFrame      ethernet.o
    0x08046084   0x08046084   0x00000002   Code   RO         7045    i.ethUpdateErrorStats  ethernet_misc.o
    0x08046086   0x08046086   0x00000002   PAD
    0x08046088   0x08046088   0x00000010   Code   RO         7046    i.ethUpdateInStats  ethernet_misc.o
    0x08046098   0x08046098   0x00000010   Code   RO         7047    i.ethUpdateOutStats  ethernet_misc.o
    0x080460a8   0x080460a8   0x000000c0   Code   RO         6120    i.formatSystemTime  date_time.o
    0x08046168   0x08046168   0x0000001c   Code   RO         6188    i.fputc             debug.o
    0x08046184   0x08046184   0x00000004   Code   RO         1304    i.getRunTimeCounterValue  freertos.o
    0x08046188   0x08046188   0x000000ec   Code   RO         9344    i.icmpProcessEchoRequest  icmp.o
    0x08046274   0x08046274   0x0000004c   Code   RO         9345    i.icmpProcessMessage  icmp.o
    0x080462c0   0x080462c0   0x00000108   Code   RO         9346    i.icmpSendErrorMessage  icmp.o
    0x080463c8   0x080463c8   0x00000028   Code   RO        10415    i.igmpHostInit      igmp_host.o
    0x080463f0   0x080463f0   0x00000038   Code   RO        10416    i.igmpHostJoinGroup  igmp_host.o
    0x08046428   0x08046428   0x0000008c   Code   RO        10418    i.igmpHostLinkChangeEvent  igmp_host.o
    0x080464b4   0x080464b4   0x000000a4   Code   RO        10451    i.igmpHostProcessMembershipQuery  igmp_host_misc.o
    0x08046558   0x08046558   0x00000040   Code   RO        10452    i.igmpHostProcessMembershipReport  igmp_host_misc.o
    0x08046598   0x08046598   0x00000018   Code   RO        10453    i.igmpHostProcessMessage  igmp_host_misc.o
    0x080465b0   0x080465b0   0x00000052   Code   RO        10455    i.igmpHostSendMembershipReport  igmp_host_misc.o
    0x08046602   0x08046602   0x00000002   PAD
    0x08046604   0x08046604   0x00000060   Code   RO        10419    i.igmpHostTick      igmp_host.o
    0x08046664   0x08046664   0x00000020   Code   RO        10359    i.igmpInit          igmp_common.o
    0x08046684   0x08046684   0x00000004   Code   RO        10360    i.igmpLinkChangeEvent  igmp_common.o
    0x08046688   0x08046688   0x00000042   Code   RO        10361    i.igmpProcessMessage  igmp_common.o
    0x080466ca   0x080466ca   0x00000014   Code   RO        10456    i.igmpRand          igmp_host_misc.o
    0x080466de   0x080466de   0x00000002   PAD
    0x080466e0   0x080466e0   0x00000078   Code   RO        10362    i.igmpSendMessage   igmp_common.o
    0x08046758   0x08046758   0x00000004   Code   RO        10363    i.igmpTick          igmp_common.o
    0x0804675c   0x0804675c   0x00000020   Code   RO          710    i.initxBee          xbee.o
    0x0804677c   0x0804677c   0x00000016   Code   RO         7210    i.ipAllocBuffer     ip.o
    0x08046792   0x08046792   0x00000072   Code   RO         7211    i.ipCalcChecksum    ip.o
    0x08046804   0x08046804   0x00000076   Code   RO         7212    i.ipCalcChecksumEx  ip.o
    0x0804687a   0x0804687a   0x00000030   Code   RO         7214    i.ipCalcUpperLayerChecksumEx  ip.o
    0x080468aa   0x080468aa   0x00000018   Code   RO         7221    i.ipSendDatagram    ip.o
    0x080468c2   0x080468c2   0x00000022   Code   RO         7222    i.ipStringToAddr    ip.o
    0x080468e4   0x080468e4   0x00000028   Code   RO         9721    i.ipv4AddRouterAlertOption  ipv4_misc.o
    0x0804690c   0x0804690c   0x00000034   Code   RO         9395    i.ipv4AddrToString  ipv4.o
    0x08046940   0x08046940   0x00000050   Code   RO         9722    i.ipv4CheckDestAddr  ipv4_misc.o
    0x08046990   0x08046990   0x0000001a   Code   RO         9723    i.ipv4CheckSourceAddr  ipv4_misc.o
    0x080469aa   0x080469aa   0x00000002   Code   RO         9396    i.ipv4DumpHeader    ipv4.o
    0x080469ac   0x080469ac   0x0000000a   Code   RO         9563    i.ipv4FindHole      ipv4_frag.o
    0x080469b6   0x080469b6   0x00000002   PAD
    0x080469b8   0x080469b8   0x00000022   Code   RO         9564    i.ipv4FlushFragQueue  ipv4_frag.o
    0x080469da   0x080469da   0x00000002   PAD
    0x080469dc   0x080469dc   0x00000078   Code   RO         9565    i.ipv4FragTick      ipv4_frag.o
    0x08046a54   0x08046a54   0x000000b0   Code   RO         9566    i.ipv4FragmentDatagram  ipv4_frag.o
    0x08046b04   0x08046b04   0x0000001c   Code   RO         9725    i.ipv4GetBroadcastAddr  ipv4_misc.o
    0x08046b20   0x08046b20   0x00000046   Code   RO         9404    i.ipv4Init          ipv4.o
    0x08046b66   0x08046b66   0x0000002e   Code   RO         9727    i.ipv4IsBroadcastAddr  ipv4_misc.o
    0x08046b94   0x08046b94   0x0000005c   Code   RO         9728    i.ipv4IsLocalHostAddr  ipv4_misc.o
    0x08046bf0   0x08046bf0   0x0000001e   Code   RO         9729    i.ipv4IsOnLink      ipv4_misc.o
    0x08046c0e   0x08046c0e   0x0000001a   Code   RO         9730    i.ipv4IsTentativeAddr  ipv4_misc.o
    0x08046c28   0x08046c28   0x00000098   Code   RO         9405    i.ipv4JoinMulticastGroup  ipv4.o
    0x08046cc0   0x08046cc0   0x00000032   Code   RO         9407    i.ipv4LinkChangeEvent  ipv4.o
    0x08046cf2   0x08046cf2   0x0000002a   Code   RO         9731    i.ipv4MapMulticastAddrToMac  ipv4_misc.o
    0x08046d1c   0x08046d1c   0x000000e2   Code   RO         9408    i.ipv4ProcessDatagram  ipv4.o
    0x08046dfe   0x08046dfe   0x000000c8   Code   RO         9409    i.ipv4ProcessPacket  ipv4.o
    0x08046ec6   0x08046ec6   0x00000198   Code   RO         9567    i.ipv4ReassembleDatagram  ipv4_frag.o
    0x0804705e   0x0804705e   0x00000002   PAD
    0x08047060   0x08047060   0x000000cc   Code   RO         9568    i.ipv4SearchFragQueue  ipv4_frag.o
    0x0804712c   0x0804712c   0x00000022   Code   RO         9732    i.ipv4SelectDefaultGateway  ipv4_misc.o
    0x0804714e   0x0804714e   0x00000002   PAD
    0x08047150   0x08047150   0x00000034   Code   RO         9733    i.ipv4SelectSourceAddr  ipv4_misc.o
    0x08047184   0x08047184   0x0000004e   Code   RO         9410    i.ipv4SendDatagram  ipv4.o
    0x080471d2   0x080471d2   0x00000002   PAD
    0x080471d4   0x080471d4   0x000001a8   Code   RO         9411    i.ipv4SendPacket    ipv4.o
    0x0804737c   0x0804737c   0x00000008   Code   RO         9412    i.ipv4SetDefaultGateway  ipv4.o
    0x08047384   0x08047384   0x00000038   Code   RO         9413    i.ipv4SetDefaultGatewayEx  ipv4.o
    0x080473bc   0x080473bc   0x00000040   Code   RO         9414    i.ipv4SetDnsServer  ipv4.o
    0x080473fc   0x080473fc   0x00000008   Code   RO         9415    i.ipv4SetHostAddr   ipv4.o
    0x08047404   0x08047404   0x00000048   Code   RO         9416    i.ipv4SetHostAddrEx  ipv4.o
    0x0804744c   0x0804744c   0x00000008   Code   RO         9417    i.ipv4SetSubnetMask  ipv4.o
    0x08047454   0x08047454   0x0000002c   Code   RO         9418    i.ipv4SetSubnetMaskEx  ipv4.o
    0x08047480   0x08047480   0x00000070   Code   RO         9419    i.ipv4StringToAddr  ipv4.o
    0x080474f0   0x080474f0   0x00000002   Code   RO         9735    i.ipv4UpdateErrorStats  ipv4_misc.o
    0x080474f2   0x080474f2   0x00000004   Code   RO         9736    i.ipv4UpdateInStats  ipv4_misc.o
    0x080474f6   0x080474f6   0x00000004   Code   RO         9737    i.ipv4UpdateOutStats  ipv4_misc.o
    0x080474fa   0x080474fa   0x0000000c   Code   RO         9829    i.lan8742DisableIrq  lan8742_driver.o
    0x08047506   0x08047506   0x0000000c   Code   RO         9830    i.lan8742DumpPhyReg  lan8742_driver.o
    0x08047512   0x08047512   0x0000000c   Code   RO         9831    i.lan8742EnableIrq  lan8742_driver.o
    0x0804751e   0x0804751e   0x00000002   PAD
    0x08047520   0x08047520   0x000000b4   Code   RO         9832    i.lan8742EventHandler  lan8742_driver.o
    0x080475d4   0x080475d4   0x000000a8   Code   RO         9833    i.lan8742Init       lan8742_driver.o
    0x0804767c   0x0804767c   0x00000018   Code   RO         9834    i.lan8742ReadPhyReg  lan8742_driver.o
    0x08047694   0x08047694   0x00000038   Code   RO         9835    i.lan8742Tick       lan8742_driver.o
    0x080476cc   0x080476cc   0x00000022   Code   RO         9836    i.lan8742WritePhyReg  lan8742_driver.o
    0x080476ee   0x080476ee   0x000000e8   Code   RO        10613    i.llmnrProcessQuery  llmnr_responder.o
    0x080477d6   0x080477d6   0x00000002   PAD
    0x080477d8   0x080477d8   0x0000002c   Code   RO        10614    i.llmnrResponderInit  llmnr_responder.o
    0x08047804   0x08047804   0x00000114   Code   RO        10615    i.llmnrSendResponse  llmnr_responder.o
    0x08047918   0x08047918   0x00000028   Code   RO         6806    i.macAddrToEui64    ethernet.o
    0x08047940   0x08047940   0x00000084   Code   RO         6808    i.macStringToAddr   ethernet.o
    0x080479c4   0x080479c4   0x000004c4   Code   RO          881    i.main              main.o
    0x08047e88   0x08047e88   0x0000000c   Code   RO         5587    i.makeFreeRtosPriority  cmsis_os.o
    0x08047e94   0x08047e94   0x00000040   Code   RO         7749    i.memPoolAlloc      net_mem.o
    0x08047ed4   0x08047ed4   0x00000004   Code   RO         7750    i.memPoolFree       net_mem.o
    0x08047ed8   0x08047ed8   0x00000004   Code   RO         7752    i.memPoolInit       net_mem.o
    0x08047edc   0x08047edc   0x00000088   Code   RO        10541    i.nbnsCompareName   nbns_common.o
    0x08047f64   0x08047f64   0x0000005e   Code   RO        10542    i.nbnsEncodeName    nbns_common.o
    0x08047fc2   0x08047fc2   0x00000002   PAD
    0x08047fc4   0x08047fc4   0x00000010   Code   RO        10543    i.nbnsInit          nbns_common.o
    0x08047fd4   0x08047fd4   0x00000076   Code   RO        10544    i.nbnsParseName     nbns_common.o
    0x0804804a   0x0804804a   0x0000005c   Code   RO        10545    i.nbnsProcessMessage  nbns_common.o
    0x080480a6   0x080480a6   0x00000076   Code   RO        10577    i.nbnsProcessQuery  nbns_responder.o
    0x0804811c   0x0804811c   0x000000e0   Code   RO        10517    i.nbnsProcessResponse  nbns_client.o
    0x080481fc   0x080481fc   0x000000ac   Code   RO        10519    i.nbnsSendQuery     nbns_client.o
    0x080482a8   0x080482a8   0x000000c8   Code   RO        10578    i.nbnsSendResponse  nbns_responder.o
    0x08048370   0x08048370   0x0000003e   Code   RO         7753    i.netBufferAlloc    net_mem.o
    0x080483ae   0x080483ae   0x00000024   Code   RO         7754    i.netBufferAppend   net_mem.o
    0x080483d2   0x080483d2   0x00000028   Code   RO         7755    i.netBufferAt       net_mem.o
    0x080483fa   0x080483fa   0x00000002   PAD
    0x080483fc   0x080483fc   0x00000072   Code   RO         7756    i.netBufferConcat   net_mem.o
    0x0804846e   0x0804846e   0x00000002   PAD
    0x08048470   0x08048470   0x000000c4   Code   RO         7757    i.netBufferCopy     net_mem.o
    0x08048534   0x08048534   0x00000014   Code   RO         7758    i.netBufferFree     net_mem.o
    0x08048548   0x08048548   0x0000001c   Code   RO         7759    i.netBufferGetLength  net_mem.o
    0x08048564   0x08048564   0x00000050   Code   RO         7760    i.netBufferRead     net_mem.o
    0x080485b4   0x080485b4   0x000000b8   Code   RO         7761    i.netBufferSetLength  net_mem.o
    0x0804866c   0x0804866c   0x00000050   Code   RO         7762    i.netBufferWrite    net_mem.o
    0x080486bc   0x080486bc   0x000000a8   Code   RO         7338    i.netConfigInterface  net.o
    0x08048764   0x08048764   0x00000028   Code   RO         7842    i.netGetRand        net_misc.o
    0x0804878c   0x0804878c   0x000000aa   Code   RO         7843    i.netGetRandBit     net_misc.o
    0x08048836   0x08048836   0x0000001e   Code   RO         7845    i.netGetRandRange   net_misc.o
    0x08048854   0x08048854   0x000000f4   Code   RO         7346    i.netInit           net.o
    0x08048948   0x08048948   0x00000084   Code   RO         7846    i.netInitRand       net_misc.o
    0x080489cc   0x080489cc   0x00000208   Code   RO         7847    i.netProcessLinkChange  net_misc.o
    0x08048bd4   0x08048bd4   0x00000024   Code   RO         7348    i.netSetDriver      net.o
    0x08048bf8   0x08048bf8   0x0000003c   Code   RO         7351    i.netSetHostname    net.o
    0x08048c34   0x08048c34   0x0000003c   Code   RO         7353    i.netSetInterfaceName  net.o
    0x08048c70   0x08048c70   0x00000038   Code   RO         7355    i.netSetMacAddr     net.o
    0x08048ca8   0x08048ca8   0x00000024   Code   RO         7358    i.netSetPhyDriver   net.o
    0x08048ccc   0x08048ccc   0x00000014   Code   RO         7848    i.netStartTimer     net_misc.o
    0x08048ce0   0x08048ce0   0x00000006   Code   RO         7849    i.netStopTimer      net_misc.o
    0x08048ce6   0x08048ce6   0x00000002   PAD
    0x08048ce8   0x08048ce8   0x000000b8   Code   RO         7368    i.netTask           net.o
    0x08048da0   0x08048da0   0x00000100   Code   RO         7850    i.netTick           net_misc.o
    0x08048ea0   0x08048ea0   0x0000001e   Code   RO         7851    i.netTimerExpired   net_misc.o
    0x08048ebe   0x08048ebe   0x00000004   Code   RO         7852    i.netTimerRunning   net_misc.o
    0x08048ec2   0x08048ec2   0x00000002   Code   RO         8078    i.nicGetLogicalInterface  nic.o
    0x08048ec4   0x08048ec4   0x00000002   Code   RO         8079    i.nicGetPhysicalInterface  nic.o
    0x08048ec6   0x08048ec6   0x0000000c   Code   RO         8083    i.nicIsParentInterface  nic.o
    0x08048ed2   0x08048ed2   0x00000002   PAD
    0x08048ed4   0x08048ed4   0x00000050   Code   RO         8084    i.nicNotifyLinkChange  nic.o
    0x08048f24   0x08048f24   0x00000050   Code   RO         8085    i.nicProcessPacket  nic.o
    0x08048f74   0x08048f74   0x00000070   Code   RO         8086    i.nicSendPacket     nic.o
    0x08048fe4   0x08048fe4   0x0000002c   Code   RO         8087    i.nicTick           nic.o
    0x08049010   0x08049010   0x0000002c   Code   RO         8088    i.nicUpdateMacAddrFilter  nic.o
    0x0804903c   0x0804903c   0x0000000a   Code   RO         6250    i.osAcquireMutex    os_port_freertos.o
    0x08049046   0x08049046   0x00000004   Code   RO         6251    i.osAllocMem        os_port_freertos.o
    0x0804904a   0x0804904a   0x00000018   Code   RO         6252    i.osCreateEvent     os_port_freertos.o
    0x08049062   0x08049062   0x00000014   Code   RO         6253    i.osCreateMutex     os_port_freertos.o
    0x08049076   0x08049076   0x00000026   Code   RO         6256    i.osCreateTask      os_port_freertos.o
    0x0804909c   0x0804909c   0x0000000e   Code   RO         5589    i.osDelay           cmsis_os.o
    0x080490aa   0x080490aa   0x00000004   Code   RO         6257    i.osDelayTask       os_port_freertos.o
    0x080490ae   0x080490ae   0x0000000c   Code   RO         6258    i.osDeleteEvent     os_port_freertos.o
    0x080490ba   0x080490ba   0x0000000a   Code   RO         6262    i.osFreeMem         os_port_freertos.o
    0x080490c4   0x080490c4   0x00000004   Code   RO         6263    i.osGetSystemTime   os_port_freertos.o
    0x080490c8   0x080490c8   0x0000000a   Code   RO         5592    i.osKernelStart     cmsis_os.o
    0x080490d2   0x080490d2   0x0000000c   Code   RO         6265    i.osReleaseMutex    os_port_freertos.o
    0x080490de   0x080490de   0x00000008   Code   RO         6267    i.osResetEvent      os_port_freertos.o
    0x080490e6   0x080490e6   0x00000014   Code   RO         6268    i.osResumeAllTasks  os_port_freertos.o
    0x080490fa   0x080490fa   0x0000000c   Code   RO         6269    i.osSetEvent        os_port_freertos.o
    0x08049106   0x08049106   0x00000012   Code   RO         6270    i.osSetEventFromIsr  os_port_freertos.o
    0x08049118   0x08049118   0x00000014   Code   RO         6272    i.osSuspendAllTasks  os_port_freertos.o
    0x0804912c   0x0804912c   0x0000002e   Code   RO         5626    i.osThreadCreate    cmsis_os.o
    0x0804915a   0x0804915a   0x0000000c   Code   RO         6274    i.osWaitForEvent    os_port_freertos.o
    0x08049166   0x08049166   0x00000002   PAD
    0x08049168   0x08049168   0x000000ba   Code   RO         1544    i.program_verify_fanuc  stm32custombootloader.o
    0x08049222   0x08049222   0x00000002   PAD
    0x08049224   0x08049224   0x00000070   Code   RO         5179    i.prvAddCurrentTaskToDelayedList  tasks.o
    0x08049294   0x08049294   0x000000d0   Code   RO         5180    i.prvAddNewTaskToReadyList  tasks.o
    0x08049364   0x08049364   0x0000006c   Code   RO         4853    i.prvCopyDataToQueue  queue.o
    0x080493d0   0x080493d0   0x00000014   Code   RO         5181    i.prvDeleteTCB      tasks.o
    0x080493e4   0x080493e4   0x00000060   Code   RO         5182    i.prvIdleTask       tasks.o
    0x08049444   0x08049444   0x000000b4   Code   RO         5183    i.prvInitialiseNewTask  tasks.o
    0x080494f8   0x080494f8   0x0000001c   Code   RO         4854    i.prvIsQueueEmpty   queue.o
    0x08049514   0x08049514   0x00000020   Code   RO         5185    i.prvResetNextTaskUnblockTime  tasks.o
    0x08049534   0x08049534   0x00000028   Code   RO         5974    i.prvTaskExitError  port.o
    0x0804955c   0x0804955c   0x0000006a   Code   RO         4855    i.prvUnlockQueue    queue.o
    0x080495c6   0x080495c6   0x00000018   Code   RO         5954    i.pvPortMalloc      heap_3.o
    0x080495de   0x080495de   0x00000002   PAD
    0x080495e0   0x080495e0   0x00000018   Code   RO         5189    i.pvTaskIncrementMutexHeldCount  tasks.o
    0x080495f8   0x080495f8   0x0000002c   Code   RO         5975    i.pxPortInitialiseStack  port.o
    0x08049624   0x08049624   0x000000f8   Code   RO         8303    i.rawSocketProcessEthPacket  raw_socket.o
    0x0804971c   0x0804971c   0x00000120   Code   RO         8304    i.rawSocketProcessIpPacket  raw_socket.o
    0x0804983c   0x0804983c   0x00000098   Code   RO         8305    i.rawSocketReceiveEthPacket  raw_socket.o
    0x080498d4   0x080498d4   0x000000b0   Code   RO         8306    i.rawSocketReceiveIpPacket  raw_socket.o
    0x08049984   0x08049984   0x0000004c   Code   RO         8309    i.rawSocketUpdateEvents  raw_socket.o
    0x080499d0   0x080499d0   0x00000070   Code   RO        12288    i.sha256Final       sha256.o
    0x08049a40   0x08049a40   0x0000004c   Code   RO        12290    i.sha256Init        sha256.o
    0x08049a8c   0x08049a8c   0x00000144   Code   RO        12291    i.sha256ProcessBlock  sha256.o
    0x08049bd0   0x08049bd0   0x00000058   Code   RO        12292    i.sha256Update      sha256.o
    0x08049c28   0x08049c28   0x00000012   Code   RO         8363    i.socketAccept      socket.o
    0x08049c3a   0x08049c3a   0x00000002   PAD
    0x08049c3c   0x08049c3c   0x00000098   Code   RO         8584    i.socketAllocate    socket_misc.o
    0x08049cd4   0x08049cd4   0x00000024   Code   RO         8364    i.socketBind        socket.o
    0x08049cf8   0x08049cf8   0x00000050   Code   RO         8365    i.socketClose       socket.o
    0x08049d48   0x08049d48   0x00000050   Code   RO         8371    i.socketInit        socket.o
    0x08049d98   0x08049d98   0x00000034   Code   RO         8372    i.socketListen      socket.o
    0x08049dcc   0x08049dcc   0x00000024   Code   RO         8373    i.socketOpen        socket.o
    0x08049df0   0x08049df0   0x00000016   Code   RO         8375    i.socketReceive     socket.o
    0x08049e06   0x08049e06   0x00000002   PAD
    0x08049e08   0x08049e08   0x00000140   Code   RO         8376    i.socketReceiveEx   socket.o
    0x08049f48   0x08049f48   0x00000024   Code   RO         8387    i.socketSetTimeout  socket.o
    0x08049f6c   0x08049f6c   0x00000030   Code   RO          381    i.ssd1306_DrawPixel  ssd1306.o
    0x08049f9c   0x08049f9c   0x00000020   Code   RO          383    i.ssd1306_Fill      ssd1306.o
    0x08049fbc   0x08049fbc   0x000000c8   Code   RO          386    i.ssd1306_Init      ssd1306.o
    0x0804a084   0x0804a084   0x00000014   Code   RO          391    i.ssd1306_SetContrast  ssd1306.o
    0x0804a098   0x0804a098   0x0000000c   Code   RO          392    i.ssd1306_SetCursor  ssd1306.o
    0x0804a0a4   0x0804a0a4   0x00000018   Code   RO          393    i.ssd1306_SetDisplayOn  ssd1306.o
    0x0804a0bc   0x0804a0bc   0x00000038   Code   RO          394    i.ssd1306_UpdateScreen  ssd1306.o
    0x0804a0f4   0x0804a0f4   0x000000a0   Code   RO          395    i.ssd1306_WriteChar  ssd1306.o
    0x0804a194   0x0804a194   0x00000024   Code   RO          396    i.ssd1306_WriteCommand  ssd1306.o
    0x0804a1b8   0x0804a1b8   0x00000020   Code   RO          397    i.ssd1306_WriteData  ssd1306.o
    0x0804a1d8   0x0804a1d8   0x0000002c   Code   RO          398    i.ssd1306_WriteString  ssd1306.o
    0x0804a204   0x0804a204   0x0000001c   Code   RO        11117    i.stm32f4xxCryptoInit  stm32f4xx_crypto.o
    0x0804a220   0x0804a220   0x00000038   Code   RO         9893    i.stm32f4xxEthCalcCrc  stm32f4xx_eth_driver.o
    0x0804a258   0x0804a258   0x00000028   Code   RO         9894    i.stm32f4xxEthDisableIrq  stm32f4xx_eth_driver.o
    0x0804a280   0x0804a280   0x00000020   Code   RO         9895    i.stm32f4xxEthEnableIrq  stm32f4xx_eth_driver.o
    0x0804a2a0   0x0804a2a0   0x00000014   Code   RO         9896    i.stm32f4xxEthEventHandler  stm32f4xx_eth_driver.o
    0x0804a2b4   0x0804a2b4   0x00000158   Code   RO         9897    i.stm32f4xxEthInit  stm32f4xx_eth_driver.o
    0x0804a40c   0x0804a40c   0x000000a4   Code   RO         9898    i.stm32f4xxEthInitDmaDesc  stm32f4xx_eth_driver.o
    0x0804a4b0   0x0804a4b0   0x000000f8   Code   RO         9899    i.stm32f4xxEthInitGpio  stm32f4xx_eth_driver.o
    0x0804a5a8   0x0804a5a8   0x0000003c   Code   RO         9900    i.stm32f4xxEthReadPhyReg  stm32f4xx_eth_driver.o
    0x0804a5e4   0x0804a5e4   0x00000074   Code   RO         9901    i.stm32f4xxEthReceivePacket  stm32f4xx_eth_driver.o
    0x0804a658   0x0804a658   0x00000078   Code   RO         9902    i.stm32f4xxEthSendPacket  stm32f4xx_eth_driver.o
    0x0804a6d0   0x0804a6d0   0x00000010   Code   RO         9903    i.stm32f4xxEthTick  stm32f4xx_eth_driver.o
    0x0804a6e0   0x0804a6e0   0x00000124   Code   RO         9904    i.stm32f4xxEthUpdateMacAddrFilter  stm32f4xx_eth_driver.o
    0x0804a804   0x0804a804   0x00000038   Code   RO         9905    i.stm32f4xxEthUpdateMacConfig  stm32f4xx_eth_driver.o
    0x0804a83c   0x0804a83c   0x00000038   Code   RO         9906    i.stm32f4xxEthWritePhyReg  stm32f4xx_eth_driver.o
    0x0804a874   0x0804a874   0x00000004   Code   RO         6054    i.swapInt16         cpu_endian.o
    0x0804a878   0x0804a878   0x00000004   Code   RO         6055    i.swapInt32         cpu_endian.o
    0x0804a87c   0x0804a87c   0x00000052   Code   RO         8614    i.tcpAbort          tcp.o
    0x0804a8ce   0x0804a8ce   0x00000002   PAD
    0x0804a8d0   0x0804a8d0   0x00000198   Code   RO         8615    i.tcpAccept         tcp.o
    0x0804aa68   0x0804aa68   0x00000064   Code   RO         8790    i.tcpAddOption      tcp_misc.o
    0x0804aacc   0x0804aacc   0x0000001e   Code   RO         8791    i.tcpChangeState    tcp_misc.o
    0x0804aaea   0x0804aaea   0x0000016c   Code   RO         8792    i.tcpCheckAck       tcp_misc.o
    0x0804ac56   0x0804ac56   0x00000026   Code   RO         8990    i.tcpCheckFinWait2Timer  tcp_timer.o
    0x0804ac7c   0x0804ac7c   0x000000ac   Code   RO         8992    i.tcpCheckOverrideTimer  tcp_timer.o
    0x0804ad28   0x0804ad28   0x00000080   Code   RO         8993    i.tcpCheckPersistTimer  tcp_timer.o
    0x0804ada8   0x0804ada8   0x000000aa   Code   RO         8994    i.tcpCheckRetransmitTimer  tcp_timer.o
    0x0804ae52   0x0804ae52   0x00000060   Code   RO         8793    i.tcpCheckSeqNum    tcp_misc.o
    0x0804aeb2   0x0804aeb2   0x00000030   Code   RO         8794    i.tcpCheckSyn       tcp_misc.o
    0x0804aee2   0x0804aee2   0x00000032   Code   RO         8995    i.tcpCheckTimeWaitTimer  tcp_timer.o
    0x0804af14   0x0804af14   0x00000094   Code   RO         8795    i.tcpComputeRto     tcp_misc.o
    0x0804afa8   0x0804afa8   0x00000026   Code   RO         8796    i.tcpDeleteControlBlock  tcp_misc.o
    0x0804afce   0x0804afce   0x00000002   Code   RO         8797    i.tcpDumpHeader     tcp_misc.o
    0x0804afd0   0x0804afd0   0x00000022   Code   RO         8798    i.tcpFastLossRecovery  tcp_misc.o
    0x0804aff2   0x0804aff2   0x0000004c   Code   RO         8799    i.tcpFastRecovery   tcp_misc.o
    0x0804b03e   0x0804b03e   0x00000042   Code   RO         8800    i.tcpFastRetransmit  tcp_misc.o
    0x0804b080   0x0804b080   0x00000026   Code   RO         8801    i.tcpFlushRetransmitQueue  tcp_misc.o
    0x0804b0a6   0x0804b0a6   0x0000001c   Code   RO         8802    i.tcpFlushSynQueue  tcp_misc.o
    0x0804b0c2   0x0804b0c2   0x00000004   Code   RO         8803    i.tcpGenerateInitialSeqNum  tcp_misc.o
    0x0804b0c6   0x0804b0c6   0x00000002   PAD
    0x0804b0c8   0x0804b0c8   0x00000038   Code   RO         8617    i.tcpGetDynamicPort  tcp.o
    0x0804b100   0x0804b100   0x0000004a   Code   RO         8804    i.tcpGetOption      tcp_misc.o
    0x0804b14a   0x0804b14a   0x00000002   PAD
    0x0804b14c   0x0804b14c   0x0000001c   Code   RO         8618    i.tcpGetState       tcp.o
    0x0804b168   0x0804b168   0x0000000c   Code   RO         8619    i.tcpInit           tcp.o
    0x0804b174   0x0804b174   0x0000002a   Code   RO         8805    i.tcpIsDuplicateAck  tcp_misc.o
    0x0804b19e   0x0804b19e   0x00000040   Code   RO         8806    i.tcpIsDuplicateSyn  tcp_misc.o
    0x0804b1de   0x0804b1de   0x00000002   PAD
    0x0804b1e0   0x0804b1e0   0x0000005c   Code   RO         8620    i.tcpKillOldestConnection  tcp.o
    0x0804b23c   0x0804b23c   0x00000028   Code   RO         8621    i.tcpListen         tcp.o
    0x0804b264   0x0804b264   0x000000ca   Code   RO         8807    i.tcpNagleAlgo      tcp_misc.o
    0x0804b32e   0x0804b32e   0x00000002   PAD
    0x0804b330   0x0804b330   0x0000023c   Code   RO         8705    i.tcpProcessSegment  tcp_fsm.o
    0x0804b56c   0x0804b56c   0x00000094   Code   RO         8808    i.tcpProcessSegmentData  tcp_misc.o
    0x0804b600   0x0804b600   0x00000052   Code   RO         8809    i.tcpReadRxBuffer   tcp_misc.o
    0x0804b652   0x0804b652   0x00000054   Code   RO         8810    i.tcpReadTxBuffer   tcp_misc.o
    0x0804b6a6   0x0804b6a6   0x00000108   Code   RO         8622    i.tcpReceive        tcp.o
    0x0804b7ae   0x0804b7ae   0x00000002   PAD
    0x0804b7b0   0x0804b7b0   0x000000fc   Code   RO         8811    i.tcpRejectSegment  tcp_misc.o
    0x0804b8ac   0x0804b8ac   0x000000a8   Code   RO         8812    i.tcpRetransmitSegment  tcp_misc.o
    0x0804b954   0x0804b954   0x00000032   Code   RO         8813    i.tcpSendResetSegment  tcp_misc.o
    0x0804b986   0x0804b986   0x00000002   PAD
    0x0804b988   0x0804b988   0x000001e8   Code   RO         8814    i.tcpSendSegment    tcp_misc.o
    0x0804bb70   0x0804bb70   0x0000005c   Code   RO         8706    i.tcpStateCloseWait  tcp_fsm.o
    0x0804bbcc   0x0804bbcc   0x00000012   Code   RO         8707    i.tcpStateClosed    tcp_fsm.o
    0x0804bbde   0x0804bbde   0x0000005e   Code   RO         8708    i.tcpStateClosing   tcp_fsm.o
    0x0804bc3c   0x0804bc3c   0x0000009e   Code   RO         8709    i.tcpStateEstablished  tcp_fsm.o
    0x0804bcda   0x0804bcda   0x000000bc   Code   RO         8710    i.tcpStateFinWait1  tcp_fsm.o
    0x0804bd96   0x0804bd96   0x00000094   Code   RO         8711    i.tcpStateFinWait2  tcp_fsm.o
    0x0804be2a   0x0804be2a   0x00000040   Code   RO         8712    i.tcpStateLastAck   tcp_fsm.o
    0x0804be6a   0x0804be6a   0x000000e6   Code   RO         8713    i.tcpStateListen    tcp_fsm.o
    0x0804bf50   0x0804bf50   0x0000007e   Code   RO         8714    i.tcpStateSynReceived  tcp_fsm.o
    0x0804bfce   0x0804bfce   0x000000f2   Code   RO         8715    i.tcpStateSynSent   tcp_fsm.o
    0x0804c0c0   0x0804c0c0   0x0000006e   Code   RO         8716    i.tcpStateTimeWait  tcp_fsm.o
    0x0804c12e   0x0804c12e   0x00000002   PAD
    0x0804c130   0x0804c130   0x00000044   Code   RO         8996    i.tcpTick           tcp_timer.o
    0x0804c174   0x0804c174   0x000000fe   Code   RO         8815    i.tcpUpdateEvents   tcp_misc.o
    0x0804c272   0x0804c272   0x0000004c   Code   RO         8816    i.tcpUpdateReceiveWindow  tcp_misc.o
    0x0804c2be   0x0804c2be   0x00000002   PAD
    0x0804c2c0   0x0804c2c0   0x00000086   Code   RO         8817    i.tcpUpdateRetransmitQueue  tcp_misc.o
    0x0804c346   0x0804c346   0x00000002   PAD
    0x0804c348   0x0804c348   0x0000009e   Code   RO         8818    i.tcpUpdateSackBlocks  tcp_misc.o
    0x0804c3e6   0x0804c3e6   0x0000006a   Code   RO         8819    i.tcpUpdateSendWindow  tcp_misc.o
    0x0804c450   0x0804c450   0x00000040   Code   RO         8820    i.tcpWaitForEvents  tcp_misc.o
    0x0804c490   0x0804c490   0x0000005a   Code   RO         8821    i.tcpWriteRxBuffer  tcp_misc.o
    0x0804c4ea   0x0804c4ea   0x00000002   PAD
    0x0804c4ec   0x0804c4ec   0x0000004c   Code   RO        11085    i.trngGetRandomData  stm32f4xx_crypto_trng.o
    0x0804c538   0x0804c538   0x0000003c   Code   RO        11086    i.trngInit          stm32f4xx_crypto_trng.o
    0x0804c574   0x0804c574   0x00000016   Code   RO         9036    i.udpAllocBuffer    udp.o
    0x0804c58a   0x0804c58a   0x00000002   PAD
    0x0804c58c   0x0804c58c   0x00000030   Code   RO         9037    i.udpAttachRxCallback  udp.o
    0x0804c5bc   0x0804c5bc   0x00000030   Code   RO         9038    i.udpDetachRxCallback  udp.o
    0x0804c5ec   0x0804c5ec   0x00000038   Code   RO         9040    i.udpGetDynamicPort  udp.o
    0x0804c624   0x0804c624   0x0000001c   Code   RO         9041    i.udpInit           udp.o
    0x0804c640   0x0804c640   0x0000005c   Code   RO         9042    i.udpInvokeRxCallback  udp.o
    0x0804c69c   0x0804c69c   0x00000198   Code   RO         9043    i.udpProcessDatagram  udp.o
    0x0804c834   0x0804c834   0x000000b0   Code   RO         9044    i.udpReceiveDatagram  udp.o
    0x0804c8e4   0x0804c8e4   0x000000d2   Code   RO         9045    i.udpSendBuffer     udp.o
    0x0804c9b6   0x0804c9b6   0x0000004c   Code   RO         9047    i.udpUpdateEvents   udp.o
    0x0804ca02   0x0804ca02   0x00000026   Code   RO         4812    i.uxListRemove      list.o
    0x0804ca28   0x0804ca28   0x00000016   Code   RO         4813    i.vListInitialise   list.o
    0x0804ca3e   0x0804ca3e   0x00000006   Code   RO         4814    i.vListInitialiseItem  list.o
    0x0804ca44   0x0804ca44   0x00000030   Code   RO         4815    i.vListInsert       list.o
    0x0804ca74   0x0804ca74   0x00000018   Code   RO         4816    i.vListInsertEnd    list.o
    0x0804ca8c   0x0804ca8c   0x00000040   Code   RO         5977    i.vPortEnterCritical  port.o
    0x0804cacc   0x0804cacc   0x00000028   Code   RO         5978    i.vPortExitCritical  port.o
    0x0804caf4   0x0804caf4   0x0000001a   Code   RO         5955    i.vPortFree         heap_3.o
    0x0804cb0e   0x0804cb0e   0x00000002   PAD
    0x0804cb10   0x0804cb10   0x00000024   Code   RO         5979    i.vPortSetupTimerInterrupt  port.o
    0x0804cb34   0x0804cb34   0x00000054   Code   RO         5980    i.vPortValidateInterruptPriority  port.o
    0x0804cb88   0x0804cb88   0x00000024   Code   RO         4862    i.vQueueDelete      queue.o
    0x0804cbac   0x0804cbac   0x00000028   Code   RO         4864    i.vQueueUnregisterQueue  queue.o
    0x0804cbd4   0x0804cbd4   0x0000004c   Code   RO         5199    i.vTaskDelay        tasks.o
    0x0804cc20   0x0804cc20   0x00000010   Code   RO         5205    i.vTaskInternalSetTimeOutState  tasks.o
    0x0804cc30   0x0804cc30   0x0000000c   Code   RO         5207    i.vTaskMissedYield  tasks.o
    0x0804cc3c   0x0804cc3c   0x00000030   Code   RO         5209    i.vTaskPlaceOnEventList  tasks.o
    0x0804cc6c   0x0804cc6c   0x000000a0   Code   RO         5211    i.vTaskPriorityDisinheritAfterTimeout  tasks.o
    0x0804cd0c   0x0804cd0c   0x0000006c   Code   RO         5218    i.vTaskStartScheduler  tasks.o
    0x0804cd78   0x0804cd78   0x00000010   Code   RO         5220    i.vTaskSuspendAll   tasks.o
    0x0804cd88   0x0804cd88   0x00000074   Code   RO         5221    i.vTaskSwitchContext  tasks.o
    0x0804cdfc   0x0804cdfc   0x00000010   Code   RO          883    i.webSocketClientRngCallback  main.o
    0x0804ce0c   0x0804ce0c   0x00000014   Code   RO        10640    i.webSocketInit     web_socket.o
    0x0804ce20   0x0804ce20   0x00000014   Code   RO        10646    i.webSocketRegisterRandCallback  web_socket.o
    0x0804ce34   0x0804ce34   0x000000d0   Code   RO          714    i.xBeeAPIhandle     xbee.o
    0x0804cf04   0x0804cf04   0x0000001c   Code   RO          715    i.xBeeChecksum      xbee.o
    0x0804cf20   0x0804cf20   0x00000028   Code   RO          716    i.xBeeConnectionKeeper  xbee.o
    0x0804cf48   0x0804cf48   0x00000048   Code   RO          717    i.xBeeFunction      xbee.o
    0x0804cf90   0x0804cf90   0x00000094   Code   RO          719    i.xBeeTimer         xbee.o
    0x0804d024   0x0804d024   0x0000004c   Code   RO          721    i.xBee_IRQHandler   xbee.o
    0x0804d070   0x0804d070   0x00000028   Code   RO          723    i.xBeeintervalRSSI  xbee.o
    0x0804d098   0x0804d098   0x000000f4   Code   RO         5981    i.xPortStartScheduler  port.o
    0x0804d18c   0x0804d18c   0x00000024   Code   RO         4866    i.xQueueCreateMutex  queue.o
    0x0804d1b0   0x0804d1b0   0x0000004c   Code   RO         4867    i.xQueueGenericCreate  queue.o
    0x0804d1fc   0x0804d1fc   0x00000088   Code   RO         4868    i.xQueueGenericReset  queue.o
    0x0804d284   0x0804d284   0x00000160   Code   RO         4869    i.xQueueGenericSend  queue.o
    0x0804d3e4   0x0804d3e4   0x0000009c   Code   RO         4871    i.xQueueGiveFromISR  queue.o
    0x0804d480   0x0804d480   0x00000178   Code   RO         4878    i.xQueueSemaphoreTake  queue.o
    0x0804d5f8   0x0804d5f8   0x00000074   Code   RO         5224    i.xTaskCheckForTimeOut  tasks.o
    0x0804d66c   0x0804d66c   0x00000056   Code   RO         5225    i.xTaskCreate       tasks.o
    0x0804d6c2   0x0804d6c2   0x00000002   PAD
    0x0804d6c4   0x0804d6c4   0x0000001c   Code   RO         5231    i.xTaskGetSchedulerState  tasks.o
    0x0804d6e0   0x0804d6e0   0x0000000c   Code   RO         5232    i.xTaskGetTickCount  tasks.o
    0x0804d6ec   0x0804d6ec   0x000000cc   Code   RO         5234    i.xTaskIncrementTick  tasks.o
    0x0804d7b8   0x0804d7b8   0x00000098   Code   RO         5237    i.xTaskPriorityDisinherit  tasks.o
    0x0804d850   0x0804d850   0x0000008c   Code   RO         5238    i.xTaskPriorityInherit  tasks.o
    0x0804d8dc   0x0804d8dc   0x00000074   Code   RO         5239    i.xTaskRemoveFromEventList  tasks.o
    0x0804d950   0x0804d950   0x000000c4   Code   RO         5240    i.xTaskResumeAll    tasks.o
    0x0804da14   0x0804da14   0x0000006a   Code   RO        11022    i.yarrowFastReseed  yarrow.o
    0x0804da7e   0x0804da7e   0x0000002c   Code   RO        11023    i.yarrowGenerateBlock  yarrow.o
    0x0804daaa   0x0804daaa   0x0000002e   Code   RO        11024    i.yarrowInit        yarrow.o
    0x0804dad8   0x0804dad8   0x0000007e   Code   RO        11025    i.yarrowRead        yarrow.o
    0x0804db56   0x0804db56   0x0000001e   Code   RO        11027    i.yarrowSeed        yarrow.o
    0x0804db74   0x0804db74   0x0000002c   Code   RO        16442    locale$$code        c_w.l(lc_ctype_c.o)
    0x0804dba0   0x0804dba0   0x0000000a   Code   RO        16648    x$fpl$fpinit        fz_wm.l(fpinit.o)
    0x0804dbaa   0x0804dbaa   0x000005f0   Data   RO          550    .constdata          ssd1306_fonts.o
    0x0804e19a   0x0804e19a   0x00000002   PAD
    0x0804e19c   0x0804e19c   0x000006fd   Data   RO          580    .constdata          ssd1306_tests.o
    0x0804e899   0x0804e899   0x00000003   PAD
    0x0804e89c   0x0804e89c   0x00000050   Data   RO          890    .constdata          main.o
    0x0804e8ec   0x0804e8ec   0x00000010   Data   RO         4675    .constdata          system_stm32f4xx.o
    0x0804e8fc   0x0804e8fc   0x00000008   Data   RO         4676    .constdata          system_stm32f4xx.o
    0x0804e904   0x0804e904   0x00000006   Data   RO         6810    .constdata          ethernet.o
    0x0804e90a   0x0804e90a   0x00000006   Data   RO         6811    .constdata          ethernet.o
    0x0804e910   0x0804e910   0x00000040   Data   RO         7048    .constdata          ethernet_misc.o
    0x0804e950   0x0804e950   0x00000008   Data   RO         7223    .constdata          ip.o
    0x0804e958   0x0804e958   0x00000018   Data   RO         7853    .constdata          net_misc.o
    0x0804e970   0x0804e970   0x00000010   Data   RO         7854    .constdata          net_misc.o
    0x0804e980   0x0804e980   0x00000038   Data   RO         8396    .constdata          socket.o
    0x0804e9b8   0x0804e9b8   0x00000014   Data   RO         9837    .constdata          lan8742_driver.o
    0x0804e9cc   0x0804e9cc   0x00000040   Data   RO         9908    .constdata          stm32f4xx_eth_driver.o
    0x0804ea0c   0x0804ea0c   0x00000007   Data   RO        10122    .constdata          dhcp_client_misc.o
    0x0804ea13   0x0804ea13   0x00000001   PAD
    0x0804ea14   0x0804ea14   0x00000a2c   Data   RO        11246    .constdata          aes.o
    0x0804f440   0x0804f440   0x00000140   Data   RO        12293    .constdata          sha256.o
    0x0804f580   0x0804f580   0x00000007   Data   RO        16076    .constdata          retarget_io.o
    0x0804f587   0x0804f587   0x00000008   Data   RO        16077    .constdata          retarget_io.o
    0x0804f58f   0x0804f58f   0x00000008   Data   RO        16078    .constdata          retarget_io.o
    0x0804f597   0x0804f597   0x00000011   Data   RO        16260    .constdata          c_w.l(__printf_flags_wp.o)
    0x0804f5a8   0x0804f5a8   0x00000030   Data   RO          891    .conststring        main.o
    0x0804f5d8   0x0804f5d8   0x00000060   Data   RO        10123    .conststring        dhcp_client_misc.o
    0x0804f638   0x0804f638   0x00000040   Data   RO        16739    Region$$Table       anon$$obj.o
    0x0804f678   0x0804f678   0x00000110   Data   RO        16441    locale$$data        c_w.l(lc_ctype_c.o)


    Execution Region RW_IRAM1 (Exec base: 0x20000000, Load base: 0x0804f788, Size: 0x00019180, Max: 0x0001c000, ABSOLUTE)

    Exec Addr    Load Addr    Size         Type   Attr      Idx    E Section Name        Object

    0x20000000   0x0804f788   0x00000006   Data   RW          400    .data               ssd1306.o
    0x20000006   0x0804f78e   0x00000002   PAD
    0x20000008   0x0804f790   0x0000000c   Data   RW         2530    .data               stm32f4xx_hal.o
    0x20000014   0x0804f79c   0x00000004   Data   RW         8089    .data               nic.o
    0x20000018   0x0804f7a0   0x00000002   Data   RW         8626    .data               tcp.o
    0x2000001a   0x0804f7a2   0x00000002   Data   RW         9049    .data               udp.o
    0x2000001c   0x0804f7a4   0x00000004   Data   RW         9152    .data               arp.o
    0x20000020   0x0804f7a8   0x0000000c   Data   RW         9909    .data               stm32f4xx_eth_driver.o
    0x2000002c   0x0804f7b4   0x00000024   Data   RW        10124    .data               dhcp_client_misc.o
    0x20000050   0x0804f7d8   0x00000004   Data   RW        10125    .data               dhcp_client_misc.o
    0x20000054   0x0804f7dc   0x00000004   Data   RW        10364    .data               igmp_common.o
    0x20000058   0x0804f7e0   0x00000004   Data   RW        11118    .data               stm32f4xx_crypto.o
    0x2000005c   0x0804f7e4   0x00000004   Data   RW        16282    .data               c_w.l(stdio_streams.o)
    0x20000060        -       0x0000020c   Zero   RW          725    .bss                xbee.o
    0x2000026c   0x0804f7e8   0x00000004   PAD
    0x20000270        -       0x00000898   Zero   RW          885    .bss                main.o
    0x20000b08        -       0x00000048   Zero   RW         1498    .bss                stm32f4xx_hal_timebase_tim.o
    0x20000b50        -       0x00000020   Zero   RW         1802    .bss                stm32f4xx_hal_flash.o
    0x20000b70        -       0x00000040   Zero   RW         4879    .bss                queue.o
    0x20000bb0        -       0x000000f0   Zero   RW         5242    .bss                tasks.o
    0x20000ca0        -       0x0000074c   Zero   RW         7369    .bss                net.o
    0x200013ec        -       0x00001608   Zero   RW         8395    .bss                socket.o
    0x200029f4        -       0x000000a0   Zero   RW         9048    .bss                udp.o
    0x20002a94        -       0x00003720   Zero   RW         9907    .bss                stm32f4xx_eth_driver.o
    0x200061b4        -       0x00002720   Zero   RW        10661    .bss                web_socket.o
    0x200088d4        -       0x00000054   Zero   RW        16278    .bss                c_w.l(stdio_streams.o)
    0x20008928        -       0x00000054   Zero   RW        16280    .bss                c_w.l(stdio_streams.o)
    0x2000897c   0x0804f7e8   0x00000004   PAD
    0x20008980        -       0x00010200   Zero   RW            2    HEAP                startup_stm32f407xx.o
    0x20018b80        -       0x00000600   Zero   RW            1    STACK               startup_stm32f407xx.o


    Execution Region RW_IRAM2 (Exec base: 0x2001c000, Load base: 0x0804f7e8, Size: 0x00001174, Max: 0x00004000, ABSOLUTE, COMPRESSED[0x00000184])

    Exec Addr    Load Addr    Size         Type   Attr      Idx    E Section Name        Object

    0x2001c000   COMPRESSED   0x0000063c   Data   RW          210    .data               weathersensor.o
    0x2001c63c   COMPRESSED   0x00000008   Data   RW          551    .data               ssd1306_fonts.o
    0x2001c644   COMPRESSED   0x00000050   Data   RW          726    .data               xbee.o
    0x2001c694   COMPRESSED   0x00000020   Data   RW          893    .data               main.o
    0x2001c6b4   COMPRESSED   0x00000004   Data   RW         4677    .data               system_stm32f4xx.o
    0x2001c6b8   COMPRESSED   0x00000044   Data   RW         5243    .data               tasks.o
    0x2001c6fc   COMPRESSED   0x0000000c   Data   RW         5982    .data               port.o
    0x2001c708   COMPRESSED   0x00000004   Data   RW         8625    .data               tcp.o
    0x2001c70c   COMPRESSED   0x00000004   Data   RW         9569    .data               ipv4_frag.o
    0x2001c710   COMPRESSED   0x00000004   Data   RW        10253    .data               dns_cache.o
    0x2001c714   COMPRESSED   0x00000004   Data   RW        10662    .data               web_socket.o
    0x2001c718   COMPRESSED   0x00000004   Data   RW        16281    .data               c_w.l(stdio_streams.o)
    0x2001c71c   COMPRESSED   0x00000004   Data   RW        16283    .data               c_w.l(stdio_streams.o)
    0x2001c720        -       0x00000400   Zero   RW          399    .bss                ssd1306.o
    0x2001cb20        -       0x00000200   Zero   RW          724    .bss                xbee.o
    0x2001cd20        -       0x00000040   Zero   RW         6123    .bss                date_time.o
    0x2001cd60        -       0x00000010   Zero   RW         9420    .bss                ipv4.o
    0x2001cd70        -       0x00000340   Zero   RW        10252    .bss                dns_cache.o
    0x2001d0b0        -       0x00000010   Zero   RW        11087    .bss                stm32f4xx_crypto_trng.o
    0x2001d0c0        -       0x00000054   Zero   RW        16279    .bss                c_w.l(stdio_streams.o)
    0x2001d114        -       0x00000060   Zero   RW        16535    .bss                c_w.l(libspace.o)


==============================================================================

Image component sizes


      Code (inc. data)   RO Data    RW Data    ZI Data      Debug   Object Name

       948         22       2604          0          0       3424   aes.o
      1744         46          0          4          0      31927   arp.o
         0          0          0          0          0      31382   bsd_socket.o
        82          0          0          0          0      12985   cmsis_os.o
         8          0          0          0          0       1652   cpu_endian.o
       192         74          0          0         64      12420   date_time.o
        28         10          0          0          0        572   debug.o
       862         24          0          0          0       7233   dhcp_client_fsm.o
      1958        330        103         40          0       9784   dhcp_client_misc.o
       154          0          0          0          0       2176   dhcp_common.o
       276         16          0          4        832       4283   dns_cache.o
       272         46          0          0          0       1735   dns_client.o
       380          0          0          0          0       3604   dns_common.o
       798         18         12          0          0      34303   ethernet.o
       406         46         64          0          0      32774   ethernet_misc.o
         0          0          0          0          0       8304   event_groups.o
         6          0          0          0          0       1001   freertos.o
         0          0          0          0          0       2584   generalfunction.o
        50          0          0          0          0       1363   heap_3.o
       576          8          0          0          0       4357   icmp.o
       226         10          0          4          0       5871   igmp_common.o
       332         16          0          0          0       3336   igmp_host.o
       354          6          0          0          0       4342   igmp_host_misc.o
       360          0          8          0          0       6089   ip.o
      1626         42          0          0         16      14670   ipv4.o
       952          0          0          4          0      29792   ipv4_frag.o
       506         10          0          0          0      10757   ipv4_misc.o
       498         82         20          0          0       5853   lan8742_driver.o
       138          0          0          0          0      12674   list.o
       552         14          0          0          0       3669   llmnr_responder.o
      2440        802        128         32       2200     140964   main.o
       396         12          0          0          0       2370   nbns_client.o
       456          6          0          0          0       4847   nbns_common.o
       318          4          0          0          0       2546   nbns_responder.o
       844         94          0          0       1868      81165   net.o
       912         34          0          0          0      10371   net_mem.o
      1208        290         40          0          0      34835   net_misc.o
       376         14          0          4          0      24581   nic.o
       228          0          0          0          0       9350   os_port_freertos.o
         0          0          0          0          0       1740   ping.o
       786         82          0         12          0      11929   port.o
      1450         18          0          0         64      16585   queue.o
       940         26          0          0          0       5750   raw_socket.o
       200         24         23          0          0       5534   retarget_io.o
       600         44        320          0          0       4862   sha256.o
       680         32         56          0       5640      11617   socket.o
       152          4          0          0          0        949   socket_misc.o
       664         46          0          6       1024       9860   ssd1306.o
         0          0       1520          8          0       1183   ssd1306_fonts.o
       444        104       1789          0          0      32279   ssd1306_tests.o
        64         26        392          0      67584        852   startup_stm32f407xx.o
       676         18          0          0          0       9536   stm32custombootloader.o
        28          6          0          4          0        921   stm32f4xx_crypto.o
       136         22          0          0         16       2403   stm32f4xx_crypto_trng.o
      1728        212         64         12      14112      46314   stm32f4xx_eth_driver.o
       170         22          0         12          0       9875   stm32f4xx_hal.o
       158         14          0          0          0      33186   stm32f4xx_hal_cortex.o
       182          0          0          0          0       2123   stm32f4xx_hal_dma.o
       520         66          0          0         32       6670   stm32f4xx_hal_flash.o
       522         46          0          0          0       2869   stm32f4xx_hal_gpio.o
      1316         32          0          0          0       9495   stm32f4xx_hal_i2c.o
        12          0          0          0          0       1127   stm32f4xx_hal_iwdg.o
       448         58          0          0          0       4196   stm32f4xx_hal_msp.o
      1412         86          0          0          0       5945   stm32f4xx_hal_rcc.o
       308         24          0          0          0        869   stm32f4xx_hal_rcc_ex.o
       222          0          0          0          0       2711   stm32f4xx_hal_rng.o
      1110         72          0          0          0      10269   stm32f4xx_hal_tim.o
       148         28          0          0          0       2481   stm32f4xx_hal_tim_ex.o
       116         16          0          0         72       1443   stm32f4xx_hal_timebase_tim.o
      1574         16          0          0          0      10592   stm32f4xx_hal_uart.o
        80         20          0          0          0       4819   stm32f4xx_it.o
        16          4         24          4          0       1151   system_stm32f4xx.o
      2274        176          0         68        240      27271   tasks.o
       982         40          0          6          0      13636   tcp.o
      2042         16          0          0          0      11985   tcp_fsm.o
      3608         32          0          0          0      26864   tcp_misc.o
       626          4          0          0          0       4608   tcp_timer.o
      1164         40          0          2        160      10422   udp.o
       916        158          0       1596          0     709421   weathersensor.o
        40         10          0          4      10016       6412   web_socket.o
       644         58          0         80       1036       8903   xbee.o
       352          0          0          0          0       4756   yarrow.o

    ----------------------------------------------------------------------
     51084       3778       7237       1908     104980    1712358   Object Totals
         0          0         64          0          0          0   (incl. Generated)
       112          0          6          2          4          0   (incl. Padding)

    ----------------------------------------------------------------------

      Code (inc. data)   RO Data    RW Data    ZI Data      Debug   Library Member Name

        20          0          0          0          0         84   __2fprintf.o
        44          6          0          0          0         84   __2sprintf.o
        90          0          0          0          0          0   __dczerorl2.o
         8          0          0          0          0         68   __main.o
       312          4         17          0          0         92   __printf_flags_wp.o
        14          0          0          0          0         68   __printf_wp.o
         0          0          0          0          0          0   __rtentry.o
        12          0          0          0          0          0   __rtentry2.o
         6          0          0          0          0          0   __rtentry4.o
        52          8          0          0          0          0   __scatter.o
        26          0          0          0          0          0   __scatter_copy.o
        28          0          0          0          0          0   __scatter_zi.o
        44          0          0          0          0        108   _printf_char.o
        48          6          0          0          0         96   _printf_char_common.o
        36          4          0          0          0         80   _printf_char_file.o
         6          0          0          0          0          0   _printf_d.o
       120         16          0          0          0         92   _printf_dec.o
       178          0          0          0          0         88   _printf_intcommon.o
        78          0          0          0          0        108   _printf_pad.o
         0          0          0          0          0          0   _printf_percent.o
         4          0          0          0          0          0   _printf_percent_end.o
         6          0          0          0          0          0   _printf_s.o
        82          0          0          0          0         80   _printf_str.o
         6          0          0          0          0          0   _printf_u.o
        10          0          0          0          0         68   _sputc.o
        16          0          0          0          0         68   aeabi_memset.o
        10          0          0          0          0         68   defsig_exit.o
        50          0          0          0          0         88   defsig_general.o
        80         58          0          0          0         76   defsig_rtmem_inner.o
        14          0          0          0          0         80   defsig_rtmem_outer.o
        52         38          0          0          0         76   defsig_rtred_inner.o
        14          0          0          0          0         80   defsig_rtred_outer.o
        18          0          0          0          0         80   exit.o
        76          0          0          0          0         88   fclose.o
         8          0          0          0          0         68   ferror.o
       236          4          0          0          0        128   fopen.o
       248          6          0          0          0         84   fseek.o
        66          0          0          0          0         76   ftell.o
        94          0          0          0          0         80   h1_alloc.o
        52          0          0          0          0         68   h1_extend.o
        78          0          0          0          0         80   h1_free.o
        14          0          0          0          0         84   h1_init.o
         6          0          0          0          0        152   heapauxi.o
         4          0          0          0          0        136   hguard.o
         0          0          0          0          0          0   indicate_semi.o
       138          0          0          0          0        168   init_alloc.o
       312         46          0          0          0        112   initio.o
        44         10        272          0          0         76   lc_ctype_c.o
         2          0          0          0          0          0   libinit.o
        36          0          0          0          0          0   libinit2.o
         2          0          0          0          0          0   libshutdown.o
         6          0          0          0          0          0   libshutdown2.o
         8          4          0          0         96         68   libspace.o
       238          0          0          0          0        100   lludivv7m.o
         0          0          0          0          0          0   maybetermalloc1.o
        88          0          0          0          0         76   memcmp.o
        16          4          0          0          0         76   rt_ctype_table.o
         8          4          0          0          0         68   rt_errno_addr_intlibspace.o
         8          4          0          0          0         68   rt_heap_descriptor_intlibspace.o
         8          4          0          0          0         68   rt_locale_intlibspace.o
        68          0          0          0          0         68   rt_memclr.o
        78          0          0          0          0         80   rt_memclr_w.o
       138          0          0          0          0         68   rt_memcpy_v6.o
       100          0          0          0          0         80   rt_memcpy_w.o
       132          0          0          0          0         68   rt_memmove_v6.o
       122          0          0          0          0         80   rt_memmove_w.o
         2          0          0          0          0          0   rtexit.o
        10          0          0          0          0          0   rtexit2.o
        70          0          0          0          0         80   setvbuf.o
       240          6          0          0          0        156   stdio.o
         0          0          0         12        252          0   stdio_streams.o
        20          0          0          0          0         68   strchr.o
       128          0          0          0          0         68   strcmpv7m.o
        72          0          0          0          0         80   strcpy.o
        62          0          0          0          0         76   strlen.o
        50          0          0          0          0         84   strncasecmp.o
        12          4          0          0          0         68   sys_exit.o
        74          0          0          0          0         80   sys_stackheap_outer.o
        14          0          0          0          0         76   sys_wrch.o
        26          0          0          0          0         76   tolower.o
        30          0          0          0          0         76   toupper.o
         2          0          0          0          0         68   use_no_semi.o
        10          0          0          0          0        116   fpinit.o

    ----------------------------------------------------------------------
      4758        236        289         12        352       5272   Library Totals
        18          0          0          0          4          0   (incl. Padding)

    ----------------------------------------------------------------------

      Code (inc. data)   RO Data    RW Data    ZI Data      Debug   Library Name

      4730        236        289         12        348       5156   c_w.l
        10          0          0          0          0        116   fz_wm.l

    ----------------------------------------------------------------------
      4758        236        289         12        352       5272   Library Totals

    ----------------------------------------------------------------------

==============================================================================


      Code (inc. data)   RO Data    RW Data    ZI Data      Debug   

     55842       4014       7526       1920     105332    1665082   Grand Totals
     55842       4014       7526        484     105332    1665082   ELF Image Totals (compressed)
     55842       4014       7526        484          0          0   ROM Totals

==============================================================================

    Total RO  Size (Code + RO Data)                63368 (  61.88kB)
    Total RW  Size (RW Data + ZI Data)            107252 ( 104.74kB)
    Total ROM Size (Code + RO Data + RW Data)      63852 (  62.36kB)

==============================================================================

