<html>
<body>
<pre>
<h1>µVision Build Log</h1>
<h2>Tool Versions:</h2>
IDE-Version: ?Vision V5.36.0.0
Copyright (C) 2021 ARM Ltd and ARM Germany GmbH. All rights reserved.
License Information: jakka jakka, jakka, LIC=WHYH9-4AA1D-Z9MG9-4SXCX-2RW79-CCXG8
 
Tool Versions:
Toolchain:       MDK-ARM Plus  Version: 5.36.0.0
Toolchain Path:  C:\Keil_v5\ARM\ARMCC\Bin
C Compiler:      Armcc.exe V5.06 update 7 (build 960)
Assembler:       Armasm.exe V5.06 update 7 (build 960)
Linker/Locator:  ArmLink.exe V5.06 update 7 (build 960)
Library Manager: ArmAr.exe V5.06 update 7 (build 960)
Hex Converter:   FromElf.exe V5.06 update 7 (build 960)
CPU DLL:         SARMCM3.DLL V5.36.0.0
Dialog DLL:      DCM.DLL V1.17.3.0
Target DLL:      STLink\ST-LINKIII-KEIL_SWO.dll V3.0.9.0
Dialog DLL:      TCM.DLL V1.53.0.0
 
<h2>Project:</h2>
D:\ARM_work\MasternodeWeatherstation\Master\MDK-ARM\Master.uvprojx
Project File Date:  03/10/2023

<h2>Output:</h2>
*** Using Compiler 'V5.06 update 7 (build 960)', folder: 'C:\Keil_v5\ARM\ARMCC\Bin'
Build target 'Master'
compiling main.c...
../Core/Inc/ssd1306.h(165): warning:  #1295-D: Deprecated declaration ssd1306_GetDisplayOn - give arg types
  uint8_t ssd1306_GetDisplayOn();
../Core/Src/main.c(191): warning:  #177-D: variable "inc"  was declared but never referenced
  	 static unsigned int inc=0;
../Core/Src/main.c(421): warning:  #177-D: variable "connectionState"  was declared but never referenced
     bool_t connectionState;
../Core/Src/main.c(422): warning:  #177-D: variable "buttonState"  was declared but never referenced
     uint_t buttonState;
../Core/Src/main.c(423): warning:  #177-D: variable "prevButtonState"  was declared but never referenced
     uint_t prevButtonState;
../Core/Src/main.c(430): warning:  #177-D: variable "res"  was declared but never referenced
  		uint16_t res;
../Core/Src/main.c(431): warning:  #177-D: variable "strbuffer"  was declared but never referenced
  		char strbuffer[20];
../Core/Src/main.c(516): warning:  #177-D: variable "i"  was declared but never referenced
     uint_t i;
../Core/Src/main.c(517): warning:  #177-D: variable "value"  was declared but never referenced
     uint32_t value;
../Core/Src/main.c(518): warning:  #177-D: variable "task"  was declared but never referenced
     OsTask *task;
../Core/Src/main.c(525): warning:  #177-D: variable "ipv6Addr"  was declared but never referenced
     Ipv6Addr ipv6Addr;
../Core/Src/main.c(1158): warning:  #177-D: variable "strout"  was declared but never referenced
  		char strout[256];
../Core/Src/main.c(834): warning:  #177-D: function "MX_IWDG_Init"  was declared but never referenced
  static void MX_IWDG_Init(void)
../Core/Src/main.c: 13 warnings, 0 errors
linking...
Program Size: Code=55842 RO-data=7526 RW-data=1920 ZI-data=105332  
FromELF: creating hex file...
"Master\Master.axf" - 0 Error(s), 13 Warning(s).

<h2>Software Packages used:</h2>

Package Vendor: ARM
                http://www.keil.com/pack/ARM.CMSIS.5.9.0.pack
                ARM.CMSIS.5.9.0
                CMSIS (Common Microcontroller Software Interface Standard)
   * Component: CORE Version: 5.6.0

Package Vendor: Keil
                http://www.keil.com/pack/Keil.ARM_Compiler.1.6.3.pack
                Keil.ARM_Compiler.1.6.3
                Keil ARM Compiler extensions for ARM Compiler 5 and ARM Compiler 6
   * Component: STDERR Variant: Breakpoint Version: 1.2.0
   * Component: STDIN Variant: Breakpoint Version: 1.2.0
   * Component: STDOUT Variant: Breakpoint Version: 1.2.0

Package Vendor: Keil
                https://www.keil.com/pack/Keil.STM32F4xx_DFP.2.17.0.pack
                Keil.STM32F4xx_DFP.2.17.0
                STMicroelectronics STM32F4 Series Device Support, Drivers and Examples

<h2>Collection of Component include folders:</h2>
  .\RTE\_Master
  C:\Users\USER\AppData\Local\Arm\Packs\ARM\CMSIS\5.9.0\CMSIS\Core\Include
  C:\Users\USER\AppData\Local\Arm\Packs\Keil\STM32F4xx_DFP\2.17.0\Drivers\CMSIS\Device\ST\STM32F4xx\Include

<h2>Collection of Component Files used:</h2>

   * Component: ARM::CMSIS:CORE:5.6.0
      Include file:  CMSIS\Core\Include\tz_context.h

   * Component: Keil.ARM Compiler::Compiler:I/O:STDERR:Breakpoint:1.2.0
      Source file:   Source\retarget_io.c

   * Component: Keil.ARM Compiler::Compiler:I/O:STDIN:Breakpoint:1.2.0
      Source file:   Source\retarget_io.c

   * Component: Keil.ARM Compiler::Compiler:I/O:STDOUT:Breakpoint:1.2.0
      Source file:   Source\retarget_io.c
Build Time Elapsed:  00:00:03
</pre>
</body>
</html>
